--------- beginning of main
03-13 00:17:34.615  8500  8803 I WM-WorkerWrapper: Worker result SUCCESS for Work [ id=6f274298-b06e-4f16-8896-28339c01365d, tags={ com.whatsapp.xmpp.messaging.XmppLifecycleWorker } ]
03-13 00:17:34.626  1347  1370 W System  : A resource failed to call close. 
--------- beginning of system
03-13 00:17:34.638  1347  1377 W Looper  : Drained
03-13 00:17:34.665   776  4967 W AudioALSACaptureDataProviderNormal: readThread, latency_in_s,0.000002,0.022165,0.000042, totalTime 0.022208 > logTimeout 0.022000 TIMEOUT!!
03-13 00:17:34.680  1347  1370 W System  : A resource failed to call HardwareBuffer.close. 
03-13 00:17:34.718   838   838 I BufferQueueProducer: [SurfaceView[com.aniverseid.animelovers/com.aniverseid.animelovers.MainActivity](BLAST)#11425](this:0xb400007d3f88ec08,id:-1,api:0,p:-1,c:838) queueBuffer: fps=117.16 dur=1007.19 max=24.96 min=7.84
03-13 00:17:34.726  4649  4666 I android.vending: Background concurrent copying GC freed 28MB AllocSpace bytes, 55(105MB) LOS objects, 75% free, 19MB/78MB, paused 81us,60us total 155.745ms
03-13 00:17:34.795  1846  1846 I WifiHAL : Get link layer stats
03-13 00:17:34.795  1846  1846 I WifiHAL : GetLinkStatsCommand::create
03-13 00:17:34.795  1846  1846 I android.hardware.wifi@1.0-service-lazy: WifiCommand::requestResponse err=-14
03-13 00:17:34.795  1846  1846 I WifiHAL : wifi_get_link_stats: result=-1
03-13 00:17:34.796  1347  1752 E WifiVendorHal: getWifiLinkLayerStats_1_5_Internal(l.1176) failed {.code = ERROR_UNKNOWN, .description = unknown}
03-13 00:17:34.807  3696  3696 W com.transsion.smartpanel: type=1400 audit(0.0:30637): avc: denied { ioctl } for comm=4173796E635461736B20233639 path="/data/app/~~auU9FUV0Oui_unV5QMP1Gw==/com.drilens.wamr-hVWDciRaOLHOt4sKbKg0WQ==/base.apk" dev="incremental-fs" ino=573468 ioctlcmd=0x6722 scontext=u:r:system_app:s0 tcontext=u:object_r:apk_data_file:s0 tclass=file permissive=0
03-13 00:17:34.807  3696  3696 W com.transsion.smartpanel: type=1400 audit(0.0:30638): avc: denied { ioctl } for comm=4173796E635461736B20233639 path="/data/app/~~auU9FUV0Oui_unV5QMP1Gw==/com.drilens.wamr-hVWDciRaOLHOt4sKbKg0WQ==/split_config.in.apk" dev="incremental-fs" ino=573606 ioctlcmd=0x6722 scontext=u:r:system_app:s0 tcontext=u:object_r:apk_data_file:s0 tclass=file permissive=0
03-13 00:17:34.869   784   784 I hwcomposer: [HWCDisplay] [Display_0 (type:1)] fps:117.179771,dur:1007.00,max:24.77,min:7.12  
03-13 00:17:34.897  4649  4649 W Finsky  : [2] STU: Failed to get storage stats for package 'com.google.android.media.swcodec' (1601: Error getting stats: android.content.pm.PackageManager.NameNotFoundException)
03-13 00:17:34.972  1120  1120 I thermal_repeater: [recvMdThermalInfo] ret=24, strLen=127,  3, 41, -50, 0, 32767, 0
03-13 00:17:35.004  4649  4649 W Finsky  : [2] STU: Failed to get storage stats for package 'com.google.android.adbd' (1601: Error getting stats: android.content.pm.PackageManager.NameNotFoundException)
03-13 00:17:35.009   838   838 I BufferQueueProducer: [StatusBar#94](this:0xb400007d3f7de328,id:-1,api:0,p:-1,c:838) queueBuffer: fps=0.20 dur=4993.81 max=4993.81 min=4993.81
03-13 00:17:35.025  4649  4649 W Finsky  : [2] STU: Failed to get storage stats for package 'com.google.android.conscrypt' (1601: Error getting stats: android.content.pm.PackageManager.NameNotFoundException)
03-13 00:17:35.080  4649  4649 W Finsky  : [2] STU: Failed to get storage stats for package 'com.google.android.neuralnetworks' (1601: Error getting stats: android.content.pm.PackageManager.NameNotFoundException)
03-13 00:17:35.109  4649  4649 W Finsky  : [2] STU: Failed to get storage stats for package 'com.google.android.ipsec' (1601: Error getting stats: android.content.pm.PackageManager.NameNotFoundException)
03-13 00:17:35.135  4649  4649 W Finsky  : [2] STU: Failed to get storage stats for package 'com.google.android.ondevicepersonalization' (1601: Error getting stats: android.content.pm.PackageManager.NameNotFoundException)
03-13 00:17:35.195  4649  4649 W Finsky  : [2] STU: Failed to get storage stats for package 'com.google.android.extservices' (1601: Error getting stats: android.content.pm.PackageManager.NameNotFoundException)
03-13 00:17:35.235  3696 18330 I TranNonAdaptiveIconExtImpl: custom icon for ApplicationInfo{9af0de3 com.funbase.xradio}
03-13 00:17:35.238  3696 18330 I TranIconHelper: Destory assetMAnager
03-13 00:17:35.239  3696 18330 I TranIconHelper: Destory assetMAnager
03-13 00:17:35.247  4649  4649 W Finsky  : [2] STU: Failed to get storage stats for package 'com.google.android.os.statsd' (1601: Error getting stats: android.content.pm.PackageManager.NameNotFoundException)
03-13 00:17:35.287  3696 18330 I TranNonAdaptiveIconExtImpl: custom icon for ApplicationInfo{cf3af1f com.transsion.XOSLauncher}
03-13 00:17:35.289  3696 18330 I TranIconHelper: Destory assetMAnager
03-13 00:17:35.292  3696 18330 I TranIconHelper: Destory assetMAnager
03-13 00:17:35.304  3696 18330 I TranNonAdaptiveIconExtImpl: custom icon for ApplicationInfo{77bf0a5 com.transsion.healthlife}
03-13 00:17:35.305  2861  2884 W ConsentManagerApiServic: Consent Manager API is not enabled. [CONTEXT service_id=460 ]
03-13 00:17:35.306  3696 18330 I TranIconHelper: Destory assetMAnager
03-13 00:17:35.309  3696 18330 I TranIconHelper: Destory assetMAnager
03-13 00:17:35.316  4649  4649 W Finsky  : [2] STU: Failed to get storage stats for package 'com.google.android.scheduling' (1601: Error getting stats: android.content.pm.PackageManager.NameNotFoundException)
03-13 00:17:35.320  3696 18330 I TranNonAdaptiveIconExtImpl: custom icon for ApplicationInfo{5f561b com.transsion.smartpanel}
03-13 00:17:35.322  3696 18330 I TranIconHelper: Destory assetMAnager
03-13 00:17:35.326  3696 18330 I TranIconHelper: Destory assetMAnager
03-13 00:17:35.363  4649  4649 I Finsky  : [2] App states replicator found 54 unowned apps
03-13 00:17:35.367  3696 18330 I TranNonAdaptiveIconExtImpl: custom icon for ApplicationInfo{a20f9f5 com.telkomsel.telkomselcm}
03-13 00:17:35.369  3696 18330 I TranIconHelper: Destory assetMAnager
03-13 00:17:35.372  3696 18330 I TranIconHelper: Destory assetMAnager
03-13 00:17:35.390  4649  5677 I Finsky  : [60] AIM: AppInfoManager-Perf > getApps > data collection finished
03-13 00:17:35.390  4649  5677 I Finsky  : [60] AIM: AppInfoManager-Perf > maybeDestroyAppInfoManager is called. actives = 1
03-13 00:17:35.390  4649  5677 I Finsky  : [60] AIM: AppInfoManager-Perf > getApps > data collection finished
03-13 00:17:35.390  4649  5677 I Finsky  : [60] AIM: AppInfoManager-Perf > maybeDestroyAppInfoManager is called. actives = 0
03-13 00:17:35.403  4649  5674 I Finsky  : [59] Completed 0 account content syncs with 0 successful.
03-13 00:17:35.404  4649  4649 I Finsky  : [2] [ContentSync] Installation state replication succeeded.
03-13 00:17:35.404  4649  4649 I Finsky  : [2] SCH: jobFinished: 12-1. TimeElapsed: 5476ms.
03-13 00:17:35.404  4649  4649 I Finsky  : [2] WM::SCH: Logging work end for 12-1
03-13 00:17:35.417  4649  5674 I Finsky  : [59] SCH: Scheduling phonesky job Id: 1-1337, CT: 1773299729298, Constraints: [{ L: 42477620, D: 85677620, C: CHARGING_NONE, I: IDLE_NONE, N: NET_ANY, B: BATTERY_ANY }]
03-13 00:17:35.418  4649  5674 I Finsky  : [59] SCH: Scheduling phonesky job Id: 34-2166, CT: 1773299764771, Constraints: [{ L: 604800000, D: 2451313520, C: CHARGING_NONE, I: IDLE_NONE, N: NET_ANY, B: BATTERY_ANY }]
03-13 00:17:35.418  4649  5674 I Finsky  : [59] SCH: Scheduling phonesky job Id: 34-2171, CT: 1773299764771, Constraints: [{ L: 604800000, D: 2537722769, C: CHARGING_NONE, I: IDLE_NONE, N: NET_ANY, B: BATTERY_ANY }]
03-13 00:17:35.418  4649  5674 I Finsky  : [59] SCH: Scheduling phonesky job Id: 34-2174, CT: 1773324696190, Constraints: [{ L: 79197886, D: 1375197886, C: CHARGING_NONE, I: IDLE_NONE, N: NET_ANY, B: BATTERY_ANY }]
03-13 00:17:35.418  4649  5674 I Finsky  : [59] SCH: Scheduling phonesky job Id: 34-2175, CT: 1773324698385, Constraints: [{ L: 604800000, D: 2591999260, C: CHARGING_NONE, I: IDLE_NONE, N: NET_ANY, B: BATTERY_ANY }]
03-13 00:17:35.423  4649  5673 I Finsky  : [57] SCH: Scheduling 1 system job(s)
03-13 00:17:35.424  4649  5673 I Finsky  : [57] SCH: Scheduling system job Id: 9287, L: 6351495, D: 49551495, C: false, I: false, N: 1
03-13 00:17:35.431  4649 18277 I Finsky  : [747] SCH: job service finished with id 9280.
03-13 00:17:35.440  3696 18330 I TranNonAdaptiveIconExtImpl: custom icon for ApplicationInfo{df69389 com.infinix.xshare}
03-13 00:17:35.442  3696 18330 I TranIconHelper: Destory assetMAnager
03-13 00:17:35.445  3696 18330 I TranIconHelper: Destory assetMAnager
03-13 00:17:35.459  3696 18330 I TranNonAdaptiveIconExtImpl: custom icon for ApplicationInfo{2f0369f com.transsion.aivoiceassistant}
03-13 00:17:35.461  3696 18330 I TranIconHelper: Destory assetMAnager
03-13 00:17:35.465  3696 18330 I TranIconHelper: Destory assetMAnager
03-13 00:17:35.502  3696 18330 I TranNonAdaptiveIconExtImpl: custom icon for ApplicationInfo{1831787 com.transsnet.store}
03-13 00:17:35.505  3696 18330 I TranIconHelper: Destory assetMAnager
03-13 00:17:35.508  3696 18330 I TranIconHelper: Destory assetMAnager
03-13 00:17:35.519  3696 18330 I TranNonAdaptiveIconExtImpl: custom icon for ApplicationInfo{73e4d4d com.trassion.infinix.xclub}
03-13 00:17:35.521  3696 18330 I TranIconHelper: Destory assetMAnager
03-13 00:17:35.524  3696 18330 I TranIconHelper: Destory assetMAnager
03-13 00:17:35.537  3696 18330 I TranNonAdaptiveIconExtImpl: custom icon for ApplicationInfo{43a3eb9 net.bat.store}
03-13 00:17:35.540  3696 18330 I TranIconHelper: Destory assetMAnager
03-13 00:17:35.543  3696 18330 I TranIconHelper: Destory assetMAnager
03-13 00:17:35.565  3696 18330 I TranNonAdaptiveIconExtImpl: custom icon for ApplicationInfo{352d361 app.bpjs.mobile}
03-13 00:17:35.568  3696 18330 I TranIconHelper: Destory assetMAnager
03-13 00:17:35.568   803   841 I libPerfCtl: xgfGetFPS pid:1897 fps:-1
03-13 00:17:35.569   803   841 I libPerfCtl: xgfGetFPS pid:12456 fps:120
03-13 00:17:35.571  3696 18330 I TranIconHelper: Destory assetMAnager
03-13 00:17:35.599  3696 18330 I TranNonAdaptiveIconExtImpl: custom icon for ApplicationInfo{45c0f09 com.afkarstudios.icyfloes}
03-13 00:17:35.602  3696 18330 I TranIconHelper: Destory assetMAnager
03-13 00:17:35.606   776  4967 W AudioALSACaptureDataProviderNormal: readThread, latency_in_s,0.000002,0.020020,0.003075, totalTime 0.023097 > logTimeout 0.022000 TIMEOUT!!
03-13 00:17:35.606  3696 18330 I TranIconHelper: Destory assetMAnager
03-13 00:17:35.617  3696 18330 I TranNonAdaptiveIconExtImpl: custom icon for ApplicationInfo{f93be1f com.aiany.astra}
03-13 00:17:35.619  3696 18330 I TranIconHelper: Destory assetMAnager
03-13 00:17:35.622  3696 18330 I TranIconHelper: Destory assetMAnager
03-13 00:17:35.647  3696 18330 I TranNonAdaptiveIconExtImpl: custom icon for ApplicationInfo{b3b4921 com.ammonite.goose}
03-13 00:17:35.650  3696 18330 I TranIconHelper: Destory assetMAnager
03-13 00:17:35.654  3696 18330 I TranIconHelper: Destory assetMAnager
03-13 00:17:35.668  3696 18330 I TranNonAdaptiveIconExtImpl: custom icon for ApplicationInfo{60a90cd com.aniverseid.animelovers}
03-13 00:17:35.671  3696 18330 I TranIconHelper: Destory assetMAnager
03-13 00:17:35.673  3696 18330 I TranIconHelper: Destory assetMAnager
03-13 00:17:35.725   838   838 I BufferQueueProducer: [SurfaceView[com.aniverseid.animelovers/com.aniverseid.animelovers.MainActivity](BLAST)#11425](this:0xb400007d3f88ec08,id:-1,api:0,p:-1,c:838) queueBuffer: fps=120.11 dur=1007.42 max=8.79 min=7.77
03-13 00:17:35.809  3696 18330 I TranNonAdaptiveIconExtImpl: custom icon for ApplicationInfo{ffa94db com.freereels.app}
03-13 00:17:35.812  3696 18330 I TranIconHelper: Destory assetMAnager
03-13 00:17:35.815  3696 18330 I TranIconHelper: Destory assetMAnager
03-13 00:17:35.815  1347  2104 I mtkpower_client: perf_cus_lock_hint hint:54, dur:150
03-13 00:17:35.816  1347  2104 I mtkpower_client: perf_cus_lock_hint, ret_hdl:0
03-13 00:17:35.817  1347  2104 I ActivityTaskManager: START u0 {flg=0x10000000 cmp=com.kelas.balancebook/.MainActivity} from uid 2000
03-13 00:17:35.817  1347  2104 I ActivityTaskManager: floatWindow: multiWindowId = 0
03-13 00:17:35.826  1347  2104 I ActivityTaskManager: TaskLaunchParamsModifier: pkgName = null, isMultiWindowTaskDisplayArea  = false
03-13 00:17:35.826  1347  2104 I ActivityTaskManager: TaskLaunchParamsModifier: pkgName = null
03-13 00:17:35.826  1347  2104 I ActivityTaskManager: TaskLaunchParamsModifier: pkgName = null, isMultiWindowTaskDisplayArea  = false
03-13 00:17:35.826  1347  2104 I ActivityTaskManager: TaskLaunchParamsModifier: pkgName = null
03-13 00:17:35.827  1347  2104 I ActivityTaskManager: needHookReparentToDefaultDisplay: sourceRecord = null,r = ActivityRecord{abd05e5 u0 com.kelas.balancebook/.MainActivity} t-1}, tda = null
03-13 00:17:35.829  1347  2104 I ActivityTaskManager: TaskLaunchParamsModifier: pkgName = null, isMultiWindowTaskDisplayArea  = false
03-13 00:17:35.829  1347  2104 I ActivityTaskManager: TaskLaunchParamsModifier: pkgName = null
03-13 00:17:35.834   803   826 I mtkpower@impl: [setMode] type:5, enabled:1
03-13 00:17:35.835  1347  2104 I PowerHalWrapper: <amsBoostResume> last:com.aniverseid.animelovers, next:com.kelas.balancebook 
03-13 00:17:35.835   803   861 I libPowerHal: LAUNCH: cpu_ctrl set cpu freq: 2000000 -1 2500000 -1
03-13 00:17:35.836  1347  2104 I WindowManager: DisplayContent w: Window{b5fcc89 u0 com.aniverseid.animelovers/com.aniverseid.animelovers.MainActivity} Apply preferredModeId = 1
03-13 00:17:35.837  3696  5459 I SmartPanel_SmartPanelService: activityCheck pkgName: com.kelas.balancebook, className: com.kelas.balancebook.MainActivity isResume=false isInshow =true isDrawn = false
03-13 00:17:35.839  1347  1380 I PowerHalWrapper: amsBoostProcessCreate package:com.kelas.balancebook 
03-13 00:17:35.841  1347  4335 I ActivityManager: isUserAMonkey mUserIsMonkey = false
03-13 00:17:35.841  1347  4335 I ActivityTaskManager: isControllerAMonkey mController = null,mControllerIsAMonkey = false
03-13 00:17:35.846  3696  3696 W SmartPanel_OperateState: show
03-13 00:17:35.847  3696  3696 I SmartPanel_TouchView: showSliderView mIsGestureNavigationBarOn true return 
03-13 00:17:35.852  1347  4335 I PowerHalWrapper: <amsBoostResume> last:com.aniverseid.animelovers, next:com.kelas.balancebook 
03-13 00:17:35.852  4276  4822 I SimpleEventAdapt: onActivityEvent get com.aniverseid.animelovers, com.aniverseid.animelovers.MainActivity,false
03-13 00:17:35.852  4276  4822 I SimpleEventAdapt: notifyEvent2  activity_event
03-13 00:17:35.852  4276  4822 I SimpleEventAdapt: notifyEvent  1
03-13 00:17:35.854  4276 16683 I CacheManager:  save new data to cache activity_event
03-13 00:17:35.854  4276 16683 I bsc     : notifyDataChange in activity_event, 1
03-13 00:17:35.854  1347  1521 I ActivityManager: Start proc 18427:com.kelas.balancebook/u0a358 for next-top-activity {com.kelas.balancebook/com.kelas.balancebook.MainActivity}
03-13 00:17:35.855  4276 16683 I DataServiceImplV2: StandardDataService notifyDataChange  in 
03-13 00:17:35.855  4276 15721 I DataServiceImplV2: StandardDataService notifyDataChange  curServiceName StandardDataService type:activity_event
03-13 00:17:35.855  4276 15721 I ApiInvoke: ApiChannel1.2.172: found local channel DataCenter
03-13 00:17:35.855  4276 15721 I ApiInvoke: ApiChannel1.2.172: found remote channel DataCenter
03-13 00:17:35.855  4276 15721 I ApiInvoke: ApiRequest1.2.172: channels size , 2
03-13 00:17:35.856  4276 15721 I ApiInvoke: SubscribeManager1.2.172: copy subscriber size = 12
03-13 00:17:35.856  4276 15721 I Kolun_AI: SystemEventSubscribe: onPublishData {"type":"activity_event","time":1773335855854,"data":"{\"className\":\"com.aniverseid.animelovers.MainActivity\",\"isResumed\":false,\"packageName\":\"com.aniverseid.animelovers\"}","provider":"dc","dc_version":2030200000,"data_version":1,"user_id":0}
03-13 00:17:35.856  4276 15721 I Kolun_AI: SystemEventSubscribe: publisher.getMatcher() activity_event
03-13 00:17:35.857  4276 15721 I ApiInvoke: SubscribeManager1.2.172: publishData success host DataCenter#StandardDataService matcher activity_event
03-13 00:17:35.857  4276 15721 I ApiInvoke: ApiRequest1.2.172: do publishData to local, matcher = activity_event
03-13 00:17:35.857  4276 15721 W ApiInvoke: SubscribeBusServerImpl1.2.172: onPublishData, GLOBAL_SUBSCRIBE size 5
03-13 00:17:35.857  4276 15721 W ApiInvoke: ApiRequest1.2.172: do publishData to remote activity_event
03-13 00:17:35.858  1347  4335 I PowerHalWrapper: amsBoostNotify pid:12456,activity:com.aniverseid.animelovers.MainActivity, package:com.aniverseid.animelovers, mProcessCreatePackcom.kelas.balancebook 
03-13 00:17:35.858  1347  4335 I PowerHalWrapper: state: 0 
03-13 00:17:35.858 13512 22260 I ApiInvoke: SubscribeManager1.2.172: copy subscriber size = 11
03-13 00:17:35.858 13512 22260 I ApiInvoke: SubscribeManager1.2.172: publishData success host DataCenter#StandardDataService matcher activity_event
03-13 00:17:35.858  1347  4335 I mtkpower_client: [Legacy][PowerHal_Wrap_notifyAppState] com.aniverseid.animelovers/com.aniverseid.animelovers.MainActivity pid=12456 state:0
03-13 00:17:35.858  1347  4335 I game_scn: collectForegroundAppList packName=com.aniverseid.animelovers, actName=com.aniverseid.animelovers.MainActivity, pid=12456, uid=10369, state:PAUSED
03-13 00:17:35.858  1347  4335 I PowerHalWrapper: amsBoostNotify AMS_BOOST_PROCESS_CREATE_BOOST:true 
03-13 00:17:35.859  4276  4529 I ApiInvoke: SubscribeBusServerImpl1.2.172: onPublishData to {"pid": 13512,"channels": [AssistantChannel]} success 
03-13 00:17:35.860  4276  4529 I ApiInvoke: SubscribeBusServerImpl1.2.172: onPublishData to {"pid": 1347,"channels": [system]} success 
03-13 00:17:35.855 18427 18427 W main    : type=1400 audit(0.0:30642): avc: denied { read } for name="u:object_r:vendor_memfusion_size_prop:s0" dev="tmpfs" ino=10537 scontext=u:r:untrusted_app:s0:c102,c257,c512,c768 tcontext=u:object_r:vendor_memfusion_size_prop:s0 tclass=file permissive=0 app=com.kelas.balancebook
03-13 00:17:35.855 18427 18427 W main    : type=1400 audit(0.0:30643): avc: denied { read } for name="u:object_r:vendor_memfusion_state_prop:s0" dev="tmpfs" ino=10538 scontext=u:r:untrusted_app:s0:c102,c257,c512,c768 tcontext=u:object_r:vendor_memfusion_state_prop:s0 tclass=file permissive=0 app=com.kelas.balancebook
03-13 00:17:35.855 18427 18427 W main    : type=1400 audit(0.0:30644): avc: denied { read } for name="u:object_r:vendor_memfusion_tranlog_prop:s0" dev="tmpfs" ino=10540 scontext=u:r:untrusted_app:s0:c102,c257,c512,c768 tcontext=u:object_r:vendor_memfusion_tranlog_prop:s0 tclass=file permissive=0 app=com.kelas.balancebook
03-13 00:17:35.855 18427 18427 W main    : type=1400 audit(0.0:30645): avc: denied { read } for name="u:object_r:vendor_memfusion_ui_enable_prop:s0" dev="tmpfs" ino=10541 scontext=u:r:untrusted_app:s0:c102,c257,c512,c768 tcontext=u:object_r:vendor_memfusion_ui_enable_prop:s0 tclass=file permissive=0 app=com.kelas.balancebook
03-13 00:17:35.859 18427 18427 W main    : type=1400 audit(0.0:30646): avc: denied { read } for name="u:object_r:vendor_uxcompaction_enable_prop:s0" dev="tmpfs" ino=10780 scontext=u:r:untrusted_app:s0:c102,c257,c512,c768 tcontext=u:object_r:vendor_uxcompaction_enable_prop:s0 tclass=file permissive=0 app=com.kelas.balancebook
03-13 00:17:35.863  2059  2989 I ApiInvoke: SubscribeManager1.2.65: copy subscriber size = 0
03-13 00:17:35.863   803   861 I libPowerHal: [perfNotifyAppState] pack:com.aniverseid.animelovers, act:com.aniverseid.animelovers.MainActivity, state:0, pid:12456, uid:10369, fps:120
03-13 00:17:35.863  2059  2989 I ApiInvoke: SubscribeManager1.2.65: publishData success host DataCenter#StandardDataService matcher activity_event
03-13 00:17:35.863  4276  4529 I ApiInvoke: SubscribeBusServerImpl1.2.172: onPublishData to {"pid": 2059,"channels": [com.android.phone]} success 
03-13 00:17:35.865  4276  4529 I ApiInvoke: SubscribeManager1.2.172: copy subscriber size = 12
03-13 00:17:35.865  4276  4529 I Kolun_AI: SystemEventSubscribe: onPublishData {"type":"activity_event","time":1773335855854,"data":"{\"className\":\"com.aniverseid.animelovers.MainActivity\",\"isResumed\":false,\"packageName\":\"com.aniverseid.animelovers\"}","provider":"dc","dc_version":2030200000,"data_version":1,"user_id":0}
03-13 00:17:35.865  4276  4529 I Kolun_AI: SystemEventSubscribe: publisher.getMatcher() activity_event
03-13 00:17:35.865 18427 18427 I las.balancebook: Late-enabling -Xcheck:jni
03-13 00:17:35.865   776  4967 W AudioALSACaptureDataProviderNormal: readThread, latency_in_s,0.000001,0.022041,0.000042, totalTime 0.022085 > logTimeout 0.022000 TIMEOUT!!
03-13 00:17:35.865  4276  4529 I ApiInvoke: SubscribeManager1.2.172: publishData success host DataCenter#StandardDataService matcher activity_event
03-13 00:17:35.865  4276  4529 I ApiInvoke: SubscribeBusServerImpl1.2.172: onPublishData to {"pid": 0,"channels": [CommonChannel]} success 
03-13 00:17:35.867  1347  1382 I mtkpower_client: perf_cus_lock_hint hint:48, dur:400
03-13 00:17:35.869   784   784 I hwcomposer: [HWCDisplay] [Display_0 (type:1)] fps:118.985733,dur:1000.12,max:16.58,min:7.49  
03-13 00:17:35.869  1347  2104 W libc    : Access denied finding property "ro.vendor.tgpa_resolution_tuner"
03-13 00:17:35.871  1347  1382 I mtkpower_client: perf_cus_lock_hint, ret_hdl:23168
03-13 00:17:35.871  1347  1382 I mtkpower_client: perf_cus_lock_hint hint:48, dur:400
03-13 00:17:35.871  1347  1382 I mtkpower_client: perf_cus_lock_hint, ret_hdl:23169
03-13 00:17:35.871   838   890 I BufferQueueDebug: [Splash Screen com.kelas.balancebook#11447](this:0xb400007d3f861308,id:-1,api:0,p:-1,c:-1) BufferQueue core=(838:/system/bin/surfaceflinger)
03-13 00:17:35.877  1347  2104 W WindowManager: Changing focus from Window{b5fcc89 u0 com.aniverseid.animelovers/com.aniverseid.animelovers.MainActivity} to null displayId=0 Callers=com.android.server.wm.RootWindowContainer.updateFocusedWindowLocked:524 com.android.server.wm.WindowManagerService.updateFocusedWindowLocked:6379 com.android.server.wm.WindowManagerService.relayoutWindow:2641 com.android.server.wm.Session.relayout:267 
03-13 00:17:35.877  1347  2104 I FloatWindow: hookFixedRotationLaunch appRotation=0displayRotation=1isEnterMultiWin:false
03-13 00:17:35.878  1347  1381 I mtkpower_client: perf_cus_lock_hint hint:50, dur:1000
03-13 00:17:35.878  1347  1381 I mtkpower_client: perf_cus_lock_hint, ret_hdl:0
03-13 00:17:35.894 18427 18427 I las.balancebook: Using CollectorTypeCC GC.
03-13 00:17:35.896 29414 29420 I adbd    : jdwp connection from 18427
03-13 00:17:35.921  2861 18006 I AdvertisingIdClient: shouldSendLog 25363019
03-13 00:17:35.923  2861 18006 I AdvertisingIdClient: GetInfoInternal elapse 11ms
03-13 00:17:35.920  3696  3696 I SmartPanel_SmartPanelPresenter1: smart_panel_can_show set = 0 userid = 0
03-13 00:17:35.924  3696  3696 I SmartPanel_OperateState: clear, goto SlideState
03-13 00:17:35.927  1347  3355 I FloatWindow: hookFixedRotationLaunch appRotation=0displayRotation=1isEnterMultiWin:false
03-13 00:17:35.928  3696  3696 I SmartPanel_TouchView: showSliderView mIsGestureNavigationBarOn true return 
03-13 00:17:35.929  3696  3696 W ContextImpl: Calling a method in the system process without a qualified user: android.app.ContextImpl.startService:1978 android.content.ContextWrapper.startService:817 com.transsion.smartpanel.presenter.SmartPanelPresenter$r.a:5 com.transsion.smartpanel.commands.e.onChange:1 android.database.ContentObserver.onChange:154 
03-13 00:17:35.933  1347  3355 I FloatWindow: hookFixedRotationLaunch appRotation=0displayRotation=1isEnterMultiWin:false
03-13 00:17:35.935  1897  1957 W Parcel  : Expecting binder but got null!
03-13 00:17:35.936  1347  3355 I PowerHalWrapper: amsBoostNotify pid:18427,activity:com.kelas.balancebook.MainActivity, package:com.kelas.balancebook, mProcessCreatePackcom.kelas.balancebook 
03-13 00:17:35.936  1347  3355 I PowerHalWrapper: state: 1 
03-13 00:17:35.936  1347  3355 I mtkpower_client: [Legacy][PowerHal_Wrap_notifyAppState] com.kelas.balancebook/com.kelas.balancebook.MainActivity pid=18427 state:1
03-13 00:17:35.937  1347  3355 I game_scn: collectForegroundAppList packName=com.kelas.balancebook, actName=com.kelas.balancebook.MainActivity, pid=18427, uid=10358, state:RESUMED
03-13 00:17:35.937  1347  3355 I game_scn: powerNotifyForegroundApp multi_resumed_app_info: pid: 18427, packname: com.kelas.balancebook, actname: com.kelas.balancebook.MainActivity
03-13 00:17:35.937  1347  3355 I PowerHalWrapper: amsBoostNotify AMS_BOOST_PROCESS_CREATE_BOOST:true 
03-13 00:17:35.937   803   861 I libPowerHal: [perfNotifyAppState] pack:com.kelas.balancebook, act:com.kelas.balancebook.MainActivity, state:1, pid:18427, uid:10358, fps:120
03-13 00:17:35.937   803   861 I libPowerHal: [perfNotifyAppState] foreground:com.kelas.balancebook, pid:18427, uid:10358
03-13 00:17:35.937  3696  5459 I SmartPanel_SmartPanelService: activityCheck pkgName: com.kelas.balancebook, className: com.kelas.balancebook.MainActivity isResume=false isInshow =true isDrawn = false
03-13 00:17:35.937  1347  3355 I TranSourceConnectManagerImpl: hookDisplayResumedActivityChanged displayId: 0 packageName: com.kelas.balancebook
03-13 00:17:35.938  3696 30346 I SmartPanel_SmartPanelService: onTaskFocusChanged taskId: 130  focused: false
03-13 00:17:35.938  3696 30346 I SmartPanel_SmartPanelService: onTaskFocusChanged taskId: 182  focused: true
03-13 00:17:35.938   803   861 I UxUtility: notifyForegroundApp pack:com.kelas.balancebook, uid:10358
03-13 00:17:35.938   803   861 I TouchUtility: notifyAppState error = NULL
03-13 00:17:35.939  1347  2056 I TranOptimizeRAImpl: Applaunch from com.aniverseid.animelovers to com.kelas.balancebook
03-13 00:17:35.939  1347  2685 I TranTp/TranTpSwitchManagerImpl: Set [com.kelas.balancebook] is tp rate as default.
03-13 00:17:35.939   803   825 I mtkpower@impl: [notifyAppState] pc:1, com.aniverseid.animelovers => com.kelas.balancebook
03-13 00:17:35.939  1347  2685 W System.err: java.io.FileNotFoundException: /proc/report_rate_switch: open failed: ENOENT (No such file or directory)
03-13 00:17:35.939  1347  2685 W System.err: 	at libcore.io.IoBridge.open(IoBridge.java:574)
03-13 00:17:35.939  1347  2685 W System.err: 	at java.io.FileOutputStream.<init>(FileOutputStream.java:259)
03-13 00:17:35.939  1347  2685 W System.err: 	at java.io.FileOutputStream.<init>(FileOutputStream.java:147)
03-13 00:17:35.939  1347  2685 W System.err: 	at com.transsion.server.tpswitch.TranTpSwitchManagerImpl.sendCommand(TranTpSwitchManagerImpl.java:311)
03-13 00:17:35.939  1347  2685 W System.err: 	at com.transsion.server.tpswitch.TranTpSwitchManagerImpl.setDefaultTpRate(TranTpSwitchManagerImpl.java:267)
03-13 00:17:35.939  1347  2685 W System.err: 	at com.transsion.server.tpswitch.TranTpSwitchManagerImpl.setTpRate(TranTpSwitchManagerImpl.java:293)
03-13 00:17:35.939  1347  2685 W System.err: 	at com.transsion.server.tpswitch.TranTpSwitchManagerImpl.-$$Nest$msetTpRate(Unknown Source:0)
03-13 00:17:35.939  1347  2685 W System.err: 	at com.transsion.server.tpswitch.TranTpSwitchManagerImpl$1.onAppLaunch(TranTpSwitchManagerImpl.java:93)
03-13 00:17:35.939  1347  2057 I ActivityManager: Applaunch from com.aniverseid.animelovers to com.kelas.balancebook
03-13 00:17:35.939  1347  2685 W System.err: 	at com.transsion.griffin.core.HookerImpl$b.run(SourceFile:1)
03-13 00:17:35.939  1347  2685 W System.err: 	at android.os.Handler.handleCallback(Handler.java:942)
03-13 00:17:35.939  1347  2685 W System.err: 	at android.os.Handler.dispatchMessage(Handler.java:99)
03-13 00:17:35.939  1347  2685 W System.err: 	at android.os.Looper.loopOnce(Looper.java:204)
03-13 00:17:35.939  1347  2685 W System.err: 	at android.os.Looper.loop(Looper.java:291)
03-13 00:17:35.939  1347  2685 W System.err: 	at android.os.HandlerThread.run(HandlerThread.java:67)
03-13 00:17:35.940  1347  2685 W System.err: Caused by: android.system.ErrnoException: open failed: ENOENT (No such file or directory)
03-13 00:17:35.940  1347  2685 W System.err: 	at libcore.io.Linux.open(Native Method)
03-13 00:17:35.940  1347  2685 W System.err: 	at libcore.io.ForwardingOs.open(ForwardingOs.java:574)
03-13 00:17:35.940  1347  2685 W System.err: 	at libcore.io.BlockGuardOs.open(BlockGuardOs.java:274)
03-13 00:17:35.940  1347  2685 W System.err: 	at libcore.io.IoBridge.open(IoBridge.java:560)
03-13 00:17:35.940  1347  2685 W System.err: 	... 13 more
03-13 00:17:35.948  1347  1381 I DreamAnimation:  hookAppTransitSuccess called, and doUnlockAnimation=0  mState=7
03-13 00:17:35.955  4276  4822 I SimpleEventAdapt: onActivityEvent get com.kelas.balancebook, com.kelas.balancebook.MainActivity,true
03-13 00:17:35.955  4276  4822 I SimpleEventAdapt: notifyEvent2  activity_event
03-13 00:17:35.955  4276  4822 I SimpleEventAdapt: notifyEvent  1
03-13 00:17:35.955  4276  4822 I SimpleEventAdapt: onAppForegroundEvent get com.aniverseid.animelovers, false
03-13 00:17:35.956  4276  4822 I SimpleEventAdapt: notifyEvent2  app_foreground
03-13 00:17:35.956  4276  4822 I SimpleEventAdapt: notifyEvent  1
03-13 00:17:35.956  4276  4822 I SimpleEventAdapt: onAppForegroundEvent get com.kelas.balancebook, true
03-13 00:17:35.956  4276  4822 I SimpleEventAdapt: notifyEvent2  app_foreground
03-13 00:17:35.956  4276  4822 I SimpleEventAdapt: notifyEvent  1
03-13 00:17:35.956  4276  4822 I SimpleEventAdapt: onAppStartEvent get com.kelas.balancebook,start true
03-13 00:17:35.959  4276 16683 I CacheManager:  save new data to cache activity_event
03-13 00:17:35.959  4276 16683 I bsc     : notifyDataChange in activity_event, 1
03-13 00:17:35.959  4276 16683 I DataServiceImplV2: StandardDataService notifyDataChange  in 
03-13 00:17:35.959  4276 16683 I CacheManager:  save new data to cache app_foreground
03-13 00:17:35.959  4276 16683 I bsc     : notifyDataChange in app_foreground, 1
03-13 00:17:35.960  4276 15721 I DataServiceImplV2: StandardDataService notifyDataChange  curServiceName StandardDataService type:activity_event
03-13 00:17:35.960  4276 15721 I ApiInvoke: ApiChannel1.2.172: found local channel DataCenter
03-13 00:17:35.960  4276 15721 I ApiInvoke: ApiChannel1.2.172: found remote channel DataCenter
03-13 00:17:35.960  4276 15721 I ApiInvoke: ApiRequest1.2.172: channels size , 2
03-13 00:17:35.960  4276 15721 I ApiInvoke: SubscribeManager1.2.172: copy subscriber size = 12
03-13 00:17:35.960  4276 15721 I Kolun_AI: SystemEventSubscribe: onPublishData {"type":"activity_event","time":1773335855958,"data":"{\"className\":\"com.kelas.balancebook.MainActivity\",\"isResumed\":true,\"packageName\":\"com.kelas.balancebook\"}","provider":"dc","dc_version":2030200000,"data_version":1,"user_id":0}
03-13 00:17:35.960  4276 15721 I Kolun_AI: SystemEventSubscribe: publisher.getMatcher() activity_event
03-13 00:17:35.960  4276 15721 I ApiInvoke: SubscribeManager1.2.172: publishData success host DataCenter#StandardDataService matcher activity_event
03-13 00:17:35.965  4276 15721 I ApiInvoke: ApiRequest1.2.172: do publishData to local, matcher = activity_event
03-13 00:17:35.966  4276 15721 W ApiInvoke: SubscribeBusServerImpl1.2.172: onPublishData, GLOBAL_SUBSCRIBE size 5
03-13 00:17:35.969  4276 15721 W ApiInvoke: ApiRequest1.2.172: do publishData to remote activity_event
03-13 00:17:35.969  4276 16683 I DataServiceImplV2: StandardDataService notifyDataChange  in 
03-13 00:17:35.969  4276 16683 I CacheManager:  save new data to cache app_foreground
03-13 00:17:35.969  4276 16683 I bsc     : notifyDataChange in app_foreground, 1
03-13 00:17:35.969  4276 16683 I DataServiceImplV2: StandardDataService notifyDataChange  in 
03-13 00:17:35.970  4276 15721 I DataServiceImplV2: StandardDataService notifyDataChange  curServiceName StandardDataService type:app_foreground
03-13 00:17:35.971  4276 15721 I ApiInvoke: ApiChannel1.2.172: found local channel DataCenter
03-13 00:17:35.971  4276 15721 I ApiInvoke: ApiChannel1.2.172: found remote channel DataCenter
03-13 00:17:35.971  4276 15721 I ApiInvoke: ApiRequest1.2.172: channels size , 2
03-13 00:17:35.971  4276 15721 I ApiInvoke: SubscribeManager1.2.172: copy subscriber size = 12
03-13 00:17:35.971 13512 22260 I ApiInvoke: SubscribeManager1.2.172: copy subscriber size = 11
03-13 00:17:35.971  4276 15721 I Kolun_AI: SystemEventSubscribe: onPublishData {"type":"app_foreground","time":1773335855959,"data":"{\"isForeground\":false,\"packageName\":\"com.aniverseid.animelovers\"}","provider":"dc","dc_version":2030200000,"data_version":1,"user_id":0}
03-13 00:17:35.971  4276 15721 I Kolun_AI: SystemEventSubscribe: publisher.getMatcher() app_foreground
03-13 00:17:35.971 13512 22260 I ApiInvoke: SubscribeManager1.2.172: publishData success host DataCenter#StandardDataService matcher activity_event
03-13 00:17:35.971  4276 15721 I ApiInvoke: SubscribeManager1.2.172: publishData success host DataCenter#StandardDataService matcher app_foreground
03-13 00:17:35.971  4276  4529 I ApiInvoke: SubscribeBusServerImpl1.2.172: onPublishData to {"pid": 13512,"channels": [AssistantChannel]} success 
03-13 00:17:35.971  4276 15721 I ApiInvoke: ApiRequest1.2.172: do publishData to local, matcher = app_foreground
03-13 00:17:35.971  4276 15721 W ApiInvoke: SubscribeBusServerImpl1.2.172: onPublishData, GLOBAL_SUBSCRIBE size 5
03-13 00:17:35.971  4276 15721 W ApiInvoke: ApiRequest1.2.172: do publishData to remote app_foreground
03-13 00:17:35.971  4276 15721 I DataServiceImplV2: StandardDataService notifyDataChange  curServiceName StandardDataService type:app_foreground
03-13 00:17:35.973  4276 15721 I ApiInvoke: ApiChannel1.2.172: found local channel DataCenter
03-13 00:17:35.973  4276 15721 I ApiInvoke: ApiChannel1.2.172: found remote channel DataCenter
03-13 00:17:35.973  3696  3696 I SmartPanel_SmartPanelPresenter1: smart_panel_can_show = 0
03-13 00:17:35.974  4276 15721 I ApiInvoke: ApiRequest1.2.172: channels size , 2
03-13 00:17:35.974  4276 15721 I ApiInvoke: SubscribeManager1.2.172: copy subscriber size = 12
03-13 00:17:35.974  4276 15721 I Kolun_AI: SystemEventSubscribe: onPublishData {"type":"app_foreground","time":1773335855969,"data":"{\"isForeground\":true,\"packageName\":\"com.kelas.balancebook\"}","provider":"dc","dc_version":2030200000,"data_version":1,"user_id":0}
03-13 00:17:35.974  4276 15721 I Kolun_AI: SystemEventSubscribe: publisher.getMatcher() app_foreground
03-13 00:17:35.974  4276  4276 I Kolun_AI: kj1:onBusEvent AppForegroundEvent   com.aniverseid.animelovers, false, kj1
03-13 00:17:35.974  4276  4276 I Kolun_AI: kj1:checkGameOut  com.aniverseid.animelovers, 
03-13 00:17:35.974  4276  4276 I Kolun_AI: AppPredictManager:onBusEvent com.aniverseid.animelovers false
03-13 00:17:35.974  4276 15721 I ApiInvoke: SubscribeManager1.2.172: publishData success host DataCenter#StandardDataService matcher app_foreground
03-13 00:17:35.974  4276 15721 I ApiInvoke: ApiRequest1.2.172: do publishData to local, matcher = app_foreground
03-13 00:17:35.975  4276 15721 W ApiInvoke: SubscribeBusServerImpl1.2.172: onPublishData, GLOBAL_SUBSCRIBE size 5
03-13 00:17:35.975  4276 15721 W ApiInvoke: ApiRequest1.2.172: do publishData to remote app_foreground
03-13 00:17:35.975  4276  4529 I ApiInvoke: SubscribeBusServerImpl1.2.172: onPublishData to {"pid": 1347,"channels": [system]} success 
03-13 00:17:35.976  1347  1381 I WindowManager:   isAnimating=false  okToAnimate=true  win=Window{cb0bf74 u0 Splash Screen com.kelas.balancebook}
03-13 00:17:35.976  4276  4276 I Kolun_AI: kj1:onBusEvent AppForegroundEvent   com.kelas.balancebook, true, kj1
03-13 00:17:35.976  4276  4276 I Kolun_AI: kj1:checkGameIn  com.kelas.balancebook, 
03-13 00:17:35.976  4276  4276 I Kolun_AI: AppPredictManager:onBusEvent com.kelas.balancebook true
03-13 00:17:35.977  4276  4826 I Kolun_AI: AppPredictManager:onPackageChanged AppForegroundEvent com.aniverseid.animelovers false currentTime 2026-03-13 00:17:35
03-13 00:17:35.977  4276  4826 I Kolun_AI: AppPredictManager:onPackageChanged AppForegroundEvent com.kelas.balancebook true currentTime 2026-03-13 00:17:35
03-13 00:17:35.979  2059  2375 I ApiInvoke: SubscribeManager1.2.65: copy subscriber size = 0
03-13 00:17:35.979  2059  2375 I ApiInvoke: SubscribeManager1.2.65: publishData success host DataCenter#StandardDataService matcher activity_event
03-13 00:17:35.979  3696  3696 I SmartPanel_SmartPanelService: changeSmartPanelStatus :1,selfSet =true, mTouchView null false
03-13 00:17:35.979  4276  4529 I ApiInvoke: SubscribeBusServerImpl1.2.172: onPublishData to {"pid": 2059,"channels": [com.android.phone]} success 
03-13 00:17:35.980  4276  4529 I ApiInvoke: SubscribeManager1.2.172: copy subscriber size = 12
03-13 00:17:35.980  4276  4529 I Kolun_AI: SystemEventSubscribe: onPublishData {"type":"activity_event","time":1773335855958,"data":"{\"className\":\"com.kelas.balancebook.MainActivity\",\"isResumed\":true,\"packageName\":\"com.kelas.balancebook\"}","provider":"dc","dc_version":2030200000,"data_version":1,"user_id":0}
03-13 00:17:35.980  4276  4529 I Kolun_AI: SystemEventSubscribe: publisher.getMatcher() activity_event
03-13 00:17:35.980  4276  4529 I ApiInvoke: SubscribeManager1.2.172: publishData success host DataCenter#StandardDataService matcher activity_event
03-13 00:17:35.980  4276  4529 I ApiInvoke: SubscribeBusServerImpl1.2.172: onPublishData to {"pid": 0,"channels": [CommonChannel]} success 
03-13 00:17:35.982 13512 22260 I ApiInvoke: SubscribeManager1.2.172: copy subscriber size = 11
03-13 00:17:35.982 13512 22260 I ApiInvoke: SubscribeManager1.2.172: publishData success host DataCenter#StandardDataService matcher app_foreground
03-13 00:17:35.983  4276  4529 I ApiInvoke: SubscribeBusServerImpl1.2.172: onPublishData to {"pid": 13512,"channels": [AssistantChannel]} success 
03-13 00:17:35.984  1347  1382 I mtkpower_client: perf_cus_lock_hint hint:48, dur:450
03-13 00:17:35.990   838   838 I SurfaceFlinger: operator()(), mtkRenderCntDebug 343, screenshot (Letterbox - left#1918)
03-13 00:17:35.990   838   838 I SurfaceFlinger: operator()(), mtkRenderCntDebug 343, screenshot (Background for SurfaceView[com.aniverseid.animelovers/com.aniverseid.animelovers.MainActivity]#11426)
03-13 00:17:35.990   838   838 I SurfaceFlinger: operator()(), mtkRenderCntDebug 343, screenshot (SurfaceView[com.aniverseid.animelovers/com.aniverseid.animelovers.MainActivity](BLAST)#11425)
03-13 00:17:35.990   838   838 I SurfaceFlinger: operator()(), mtkRenderCntDebug 343, screenshot (com.aniverseid.animelovers/com.aniverseid.animelovers.MainActivity#11309)
03-13 00:17:35.992  4276  4529 I ApiInvoke: SubscribeBusServerImpl1.2.172: onPublishData to {"pid": 1347,"channels": [system]} success 
03-13 00:17:35.993  2059  2375 I ApiInvoke: SubscribeManager1.2.65: copy subscriber size = 0
03-13 00:17:35.993  2059  2375 I ApiInvoke: SubscribeManager1.2.65: publishData success host DataCenter#StandardDataService matcher app_foreground
03-13 00:17:35.994  4276  4529 I ApiInvoke: SubscribeBusServerImpl1.2.172: onPublishData to {"pid": 2059,"channels": [com.android.phone]} success 
03-13 00:17:35.994  4276  4529 I ApiInvoke: SubscribeManager1.2.172: copy subscriber size = 12
03-13 00:17:35.994  4276  4529 I Kolun_AI: SystemEventSubscribe: onPublishData {"type":"app_foreground","time":1773335855959,"data":"{\"isForeground\":false,\"packageName\":\"com.aniverseid.animelovers\"}","provider":"dc","dc_version":2030200000,"data_version":1,"user_id":0}
03-13 00:17:35.994  4276  4529 I Kolun_AI: SystemEventSubscribe: publisher.getMatcher() app_foreground
03-13 00:17:35.995  4276  4276 I Kolun_AI: kj1:onBusEvent AppForegroundEvent   com.aniverseid.animelovers, false, kj1
03-13 00:17:35.995  4276  4276 I Kolun_AI: kj1:checkGameOut  com.aniverseid.animelovers, 
03-13 00:17:35.995  4276  4276 I Kolun_AI: AppPredictManager:onBusEvent com.aniverseid.animelovers false
03-13 00:17:35.996  4276  4826 I Kolun_AI: AppPredictManager:onPackageChanged AppForegroundEvent com.aniverseid.animelovers false currentTime 2026-03-13 00:17:35
03-13 00:17:36.001  1347  1381 I FloatWindow: hookFixedRotationLaunch appRotation=0displayRotation=1isEnterMultiWin:false
03-13 00:17:36.001  1347  1382 I mtkpower_client: perf_cus_lock_hint, ret_hdl:23170
03-13 00:17:36.006  4276  4529 I ApiInvoke: SubscribeManager1.2.172: publishData success host DataCenter#StandardDataService matcher app_foreground
03-13 00:17:36.006  4276  4529 I ApiInvoke: SubscribeBusServerImpl1.2.172: onPublishData to {"pid": 0,"channels": [CommonChannel]} success 
03-13 00:17:36.008 13512 22260 I ApiInvoke: SubscribeManager1.2.172: copy subscriber size = 11
03-13 00:17:36.009 13512 22260 I ApiInvoke: SubscribeManager1.2.172: publishData success host DataCenter#StandardDataService matcher app_foreground
03-13 00:17:36.009  4276  4529 I ApiInvoke: SubscribeBusServerImpl1.2.172: onPublishData to {"pid": 13512,"channels": [AssistantChannel]} success 
03-13 00:17:36.023   838   838 I BufferQueueProducer: [FramebufferSurface](this:0xb400007cefc41bb0,id:-1,api:1,p:838,c:838) queueBuffer: fps=0.27 dur=78652.69 max=78485.75 min=6.56
03-13 00:17:36.024  4276  4529 I ApiInvoke: SubscribeBusServerImpl1.2.172: onPublishData to {"pid": 1347,"channels": [system]} success 
03-13 00:17:36.025  2059  2989 I ApiInvoke: SubscribeManager1.2.65: copy subscriber size = 0
03-13 00:17:36.025  2059  2989 I ApiInvoke: SubscribeManager1.2.65: publishData success host DataCenter#StandardDataService matcher app_foreground
03-13 00:17:36.026  3696  5459 I SmartPanel_SmartPanelService: activityCheck pkgName: com.kelas.balancebook, className: com.kelas.balancebook.MainActivity isResume=true isInshow =true isDrawn = false
03-13 00:17:36.027  4276  4529 I ApiInvoke: SubscribeBusServerImpl1.2.172: onPublishData to {"pid": 2059,"channels": [com.android.phone]} success 
03-13 00:17:36.027  4276  4529 I ApiInvoke: SubscribeManager1.2.172: copy subscriber size = 12
03-13 00:17:36.027  4276  4529 I Kolun_AI: SystemEventSubscribe: onPublishData {"type":"app_foreground","time":1773335855969,"data":"{\"isForeground\":true,\"packageName\":\"com.kelas.balancebook\"}","provider":"dc","dc_version":2030200000,"data_version":1,"user_id":0}
03-13 00:17:36.027  4276  4529 I Kolun_AI: SystemEventSubscribe: publisher.getMatcher() app_foreground
03-13 00:17:36.027  4276  4529 I ApiInvoke: SubscribeManager1.2.172: publishData success host DataCenter#StandardDataService matcher app_foreground
03-13 00:17:36.028  4276  4276 I Kolun_AI: kj1:onBusEvent AppForegroundEvent   com.kelas.balancebook, true, kj1
03-13 00:17:36.028  4276  4276 I Kolun_AI: kj1:checkGameIn  com.kelas.balancebook, 
03-13 00:17:36.028  4276  4276 I Kolun_AI: AppPredictManager:onBusEvent com.kelas.balancebook true
03-13 00:17:36.028  4276  4529 I ApiInvoke: SubscribeBusServerImpl1.2.172: onPublishData to {"pid": 0,"channels": [CommonChannel]} success 
03-13 00:17:36.029  4276  4826 I Kolun_AI: AppPredictManager:onPackageChanged AppForegroundEvent com.kelas.balancebook true currentTime 2026-03-13 00:17:36
03-13 00:17:36.034  3696  3696 I SmartPanel_SmartPanelService: do changeSmartPanelStatus show
03-13 00:17:36.034  3696  3696 W SmartPanel_OperateState: show
03-13 00:17:36.035  3696  3696 I SmartPanel_TouchView: showSliderView mIsGestureNavigationBarOn true return 
03-13 00:17:36.035   784   784 I hwcomposer: [HWCLayer] setHwlayerType(), id:3375, release queue sp, type 3 -> 0  
03-13 00:17:36.036   803   826 I mtkpower@impl: [setMode] type:6, enabled:1
03-13 00:17:36.036   803   826 E mtkpower@impl: [setMode] unknown type
03-13 00:17:36.036   838  1000 I SurfaceFlinger: NotifyHwcComposition(), id 0, mode 0
03-13 00:17:36.038   784  1006 I hwcomposer: [DBQ] (q2:0xb4000076219ffbe0) Buffer queue is destroyed, m_id(3375)  
03-13 00:17:36.038   784  1006 I hwcomposer: [DBQ] (q2:0xb4000076219ffbe0) ~DisplayBufferQueue(), m_id(3375), release buf  
03-13 00:17:36.038   784  1006 I hwcomposer: [DBQ] (q2:0xb4000076219ffbe0) Free Slot(0), handle=0xb4000075e19f7fb0, 10627200 -> 0  
03-13 00:17:36.039   784  1006 I hwcomposer: [DBQ] (q2:0xb4000076219ffbe0) Free Slot(1), handle=0xb4000075e1a01f30, 10627200 -> 0  
03-13 00:17:36.039   784  1006 I hwcomposer: [DBQ] (q2:0xb4000076219ffbe0) Free Slot(2), handle=0xb4000075e1a033d0, 10627200 -> 0  
03-13 00:17:36.044  1347  4340 I FloatWindow: hookGetMultiWindowDefaultRectByTask
03-13 00:17:36.045  2119  2576 I tmw_    : calculateMultiWindowScaleAndLocation111: {100=0.5976, 101=180.0, 102=72.0}
03-13 00:17:36.049  1347  1715 I BaseFilesVerify: Base File verify start
03-13 00:17:36.050  1347  1715 W BaseXMLFilesVerify: isGrammarAndSemanticsLegal file = /data/system/users/0/settings_global.xml
03-13 00:17:36.050  1347  1715 W BaseXMLFilesVerify: format is normal
03-13 00:17:36.050  1347  1715 W BaseXMLFilesVerify: verifyRuleGrammarFormat verifyRuleresult :true
03-13 00:17:36.053  3696  3696 I SmartPanel_OperateState: clear, goto SlideState
03-13 00:17:36.054  2119  2576 I tmw_    : calculateMultiWindowScaleAndLocation222: {100=0.5976, 101=180.0, 102=72.0}
03-13 00:17:36.054  3696  3696 I SmartPanel_TouchView: showSliderView mIsGestureNavigationBarOn true return 
03-13 00:17:36.054  3696  3696 W SmartPanel_OperateState: show
03-13 00:17:36.054  3696  3696 I SmartPanel_TouchView: showSliderView mIsGestureNavigationBarOn true return 
03-13 00:17:36.055  1347  1715 W BaseXMLFilesVerify: isGrammarAndSemanticsLegal file = /data/system/users/0/settings_global.xmlsecnew.bak
03-13 00:17:36.057  1347  1715 W BaseXMLFilesVerify: format is normal
03-13 00:17:36.057  1347  1715 W BaseXMLFilesVerify: verifyRuleGrammarFormat verifyRuleresult :true
03-13 00:17:36.073  3696  3696 I SmartPanel_OperateState: clear, goto SlideState
03-13 00:17:36.073  3696  3696 I SmartPanel_TouchView: showSliderView mIsGestureNavigationBarOn true return 
03-13 00:17:36.075  3696  3696 I SmartPanel_SmartPanelService: onTaskFocusChanged isSplitScreen: false
03-13 00:17:36.076  3696 18330 I TranNonAdaptiveIconExtImpl: custom icon for ApplicationInfo{854d9b4 com.k24klik.android}
03-13 00:17:36.082  3696 18330 I TranIconHelper: Destory assetMAnager
03-13 00:17:36.085  1347  4337 I FloatWindow: hookGetMultiWindowDefaultRectByTask
03-13 00:17:36.087  2119  2576 I tmw_    : calculateMultiWindowScaleAndLocation111: {100=0.5976, 101=180.0, 102=72.0}
03-13 00:17:36.087  3696 18330 I TranIconHelper: Destory assetMAnager
03-13 00:17:36.090  3696  3696 I SmartPanel_SmartPanelService: checkAndHandleAPP curosr: count = 0
03-13 00:17:36.090  3696  3696 I SmartPanel_SmartPanelService: checkVideoApp curosr: count = 0
03-13 00:17:36.090  2119  2576 I tmw_    : calculateMultiWindowScaleAndLocation222: {100=0.5976, 101=180.0, 102=72.0}
03-13 00:17:36.125  1347  1715 I BaseFilesVerify: Base File verify start
03-13 00:17:36.125  1347  1715 W BaseFilesVerify: settings_secure.xmlis not in fileProtect list,can not protect this file
03-13 00:17:36.155 18427 18427 I LoadedApk: No resource references to update in package com.transsion.theme.icon
03-13 00:17:36.176  3696 18330 I TranNonAdaptiveIconExtImpl: custom icon for ApplicationInfo{9e07c13 com.kcatta.fwcoupleonline}
03-13 00:17:36.179  3696 18330 I TranIconHelper: Destory assetMAnager
03-13 00:17:36.180 18427 18449 W QT      : qt_process_init() called
03-13 00:17:36.181 18427 18449 E QT      : [QT]file does not exist
03-13 00:17:36.181 18427 18449 W QT      : Support!!
03-13 00:17:36.181  3696 18330 I TranIconHelper: Destory assetMAnager
03-13 00:17:36.184 18427 18449 I libMEOW_gift: open /data/performance/gift/arc.ini
03-13 00:17:36.184 18427 18449 E QT      : [QT]file does not exist
03-13 00:17:36.250 18427 18427 W libc    : Access denied finding property "vendor.transsion.scroll_adjust.support"
03-13 00:17:36.259  3696 18330 I TranNonAdaptiveIconExtImpl: custom icon for ApplicationInfo{54e284f com.kitalulus}
03-13 00:17:36.264  3696 18330 I TranIconHelper: Destory assetMAnager
03-13 00:17:36.270  3696 18330 I TranIconHelper: Destory assetMAnager
03-13 00:17:36.273   803   861 I mtkpower@impl: [powerd_req] TIMER_MSG_PERF_LOCK_TIMEOUT hdl:23168
03-13 00:17:36.275   803   861 I mtkpower@impl: [powerd_req] TIMER_MSG_PERF_LOCK_TIMEOUT hdl:23169
03-13 00:17:36.302  3696 18330 I TranNonAdaptiveIconExtImpl: custom icon for ApplicationInfo{fbcdb37 com.lemon.lvoverseas}
03-13 00:17:36.308  3696 18330 I TranIconHelper: Destory assetMAnager
03-13 00:17:36.314  3696 18330 I TranIconHelper: Destory assetMAnager
03-13 00:17:36.334  3696 18330 I TranNonAdaptiveIconExtImpl: custom icon for ApplicationInfo{9ee9c7d com.linkdokter.halodoc.android}
03-13 00:17:36.337  3696 18330 I TranIconHelper: Destory assetMAnager
03-13 00:17:36.343  3696 18330 I TranIconHelper: Destory assetMAnager
--------- beginning of crash
03-13 00:17:36.349 18427 18427 E AndroidRuntime: FATAL EXCEPTION: main
03-13 00:17:36.349 18427 18427 E AndroidRuntime: Process: com.kelas.balancebook, PID: 18427
03-13 00:17:36.349 18427 18427 E AndroidRuntime: java.lang.RuntimeException: Unable to start activity ComponentInfo{com.kelas.balancebook/com.kelas.balancebook.MainActivity}: android.view.InflateException: Binary XML file line #31 in com.kelas.balancebook:layout/activity_main: Binary XML file line #31 in com.kelas.balancebook:layout/activity_main: Error inflating class com.google.android.material.bottomnavigation.BottomNavigationView
03-13 00:17:36.349 18427 18427 E AndroidRuntime: 	at android.app.ActivityThread.performLaunchActivity(ActivityThread.java:3833)
03-13 00:17:36.349 18427 18427 E AndroidRuntime: 	at android.app.ActivityThread.handleLaunchActivity(ActivityThread.java:3970)
03-13 00:17:36.349 18427 18427 E AndroidRuntime: 	at android.app.servertransaction.LaunchActivityItem.execute(LaunchActivityItem.java:101)
