03-13 00:17:36.822 31571 31600 I TABE.CrashHandler: Exception Info{Name='BalanceBook', Pkg='com.kelas.balancebook', EType='crash', ProcessType='data_app', EClassName='java.lang.IllegalArgumentException', EMessage='bad base-64', IsFG=1, TimeStamp='2026-03-13 00:17:36', Version='1.0', Installer='unk', LastUpdate=2026-03-13 00:17, Abi=''} ,isApp=true ,crashsplit=false
03-13 00:17:36.867  1347  1380 W ActivityTaskManager: Activity top resumed state loss timeout for ActivityRecord{abd05e5 u0 com.kelas.balancebook/.MainActivity} t-1 f}}
03-13 00:17:36.867  1347  1380 I PowerHalWrapper: amsBoostNotify pid:12456,activity:com.aniverseid.animelovers.MainActivity, package:com.aniverseid.animelovers, mProcessCreatePackcom.kelas.balancebook 
03-13 00:17:36.867  1347  1380 I PowerHalWrapper: state: 1 
03-13 00:17:36.867  1347  1380 I mtkpower_client: [Legacy][PowerHal_Wrap_notifyAppState] com.aniverseid.animelovers/com.aniverseid.animelovers.MainActivity pid=12456 state:1
03-13 00:17:36.867  1347  1380 I game_scn: collectForegroundAppList packName=com.aniverseid.animelovers, actName=com.aniverseid.animelovers.MainActivity, pid=12456, uid=10369, state:RESUMED
03-13 00:17:36.867  1347  1380 I game_scn: powerNotifyForegroundApp multi_resumed_app_info: pid: 12456, packname: com.aniverseid.animelovers, actname: com.aniverseid.animelovers.MainActivity
03-13 00:17:36.867  1347  1380 I PowerHalWrapper: amsBoostNotify AMS_BOOST_PROCESS_CREATE_BOOST:true 
03-13 00:17:36.868   803   861 I libPowerHal: [perfNotifyAppState] pack:com.aniverseid.animelovers, act:com.aniverseid.animelovers.MainActivity, state:1, pid:12456, uid:10369, fps:120
03-13 00:17:36.868   803   861 I libPowerHal: [perfNotifyAppState] foreground:com.aniverseid.animelovers, pid:12456, uid:10369
03-13 00:17:36.869   803   861 I UxUtility: notifyForegroundApp pack:com.aniverseid.animelovers, uid:10369
03-13 00:17:36.869   803   861 I TouchUtility: notifyAppState error = NULL
03-13 00:17:36.869   803   825 I mtkpower@impl: [notifyAppState] pc:0, com.kelas.balancebook => com.aniverseid.animelovers
03-13 00:17:36.875   784   784 I hwcomposer: [HWCDisplay] [Display_0 (type:1)] fps:117.271118,dur:1006.22,max:17.24,min:3.35  
03-13 00:17:36.877  3696 18330 I TranNonAdaptiveIconExtImpl: custom icon for ApplicationInfo{b8c2ae9 id.co.foom}
03-13 00:17:36.878  3696 18330 I TranIconHelper: Destory assetMAnager
03-13 00:17:36.881  3696 18330 I TranIconHelper: Destory assetMAnager
03-13 00:17:36.896  3696 18330 I TranNonAdaptiveIconExtImpl: custom icon for ApplicationInfo{899bf64 id.flip}
03-13 00:17:36.898  3696 18330 I TranIconHelper: Destory assetMAnager
03-13 00:17:36.900  3696 18330 I TranIconHelper: Destory assetMAnager
03-13 00:17:36.901   803   861 I mtkpower@impl: [powerd_req] TIMER_MSG_PERF_LOCK_TIMEOUT hdl:23171
03-13 00:17:36.901   803   861 I mtkpower@impl: [powerd_req] TIMER_MSG_PERF_LOCK_TIMEOUT hdl:23172
03-13 00:17:36.908  3696 18330 I TranNonAdaptiveIconExtImpl: custom icon for ApplicationInfo{2093f39 id.go.kemensos.pelaporan}
03-13 00:17:36.909  3696 18330 I TranIconHelper: Destory assetMAnager
03-13 00:17:36.911  3696 18330 I TranIconHelper: Destory assetMAnager
03-13 00:17:36.916  1347  1381 I WindowManager: DisplayContent w: Window{b5fcc89 u0 com.aniverseid.animelovers/com.aniverseid.animelovers.MainActivity} Apply preferredModeId = 1
03-13 00:17:36.930  3696 18330 I TranNonAdaptiveIconExtImpl: custom icon for ApplicationInfo{3538ede id.tix.android}
03-13 00:17:36.931  3696 18330 I TranIconHelper: Destory assetMAnager
03-13 00:17:36.933  3696 18330 I TranIconHelper: Destory assetMAnager
03-13 00:17:36.951  3696 18330 I TranNonAdaptiveIconExtImpl: custom icon for ApplicationInfo{a6cbfb5 lds.cinema21}
03-13 00:17:36.953  3696 18330 I TranIconHelper: Destory assetMAnager
03-13 00:17:36.955  3696 18330 I TranIconHelper: Destory assetMAnager
03-13 00:17:36.965  3696 18330 I TranNonAdaptiveIconExtImpl: custom icon for ApplicationInfo{85007c6 live.shorttv.dramarush.android}
03-13 00:17:36.966  3696 18330 I TranIconHelper: Destory assetMAnager
03-13 00:17:36.968  3696 18330 I TranIconHelper: Destory assetMAnager
03-13 00:17:36.997  3696 18330 I TranNonAdaptiveIconExtImpl: custom icon for ApplicationInfo{829a144 org.chromium.webapk.a7e38917e8079b034_v2}
03-13 00:17:36.999  3696 18330 I TranIconHelper: Destory assetMAnager
03-13 00:17:36.999   803   861 I mtkpower@impl: [powerd_req] TIMER_MSG_PERF_LOCK_TIMEOUT hdl:23174
03-13 00:17:36.999   803   861 I libPowerHal: [PD] MTKPOWER_HINT_PACK_SWITCH update cmd:c0c300 param:4
03-13 00:17:37.000  3696 18330 I TranIconHelper: Destory assetMAnager
03-13 00:17:37.027  3696 18330 I SmartPanel_SmartPanelPresenter1: getAllAppInfo finished
03-13 00:17:37.036  3696 18468 I SmartPanel_SmartPanelPresenter1: smart_panel_can_show set = 1 userid = 0
03-13 00:17:37.036  3696 18468 I SmartPanel_PackageReceiver1: PackageReceiver received uri null false, action = android.intent.action.PACKAGE_REPLACED
03-13 00:17:37.036  3696 18468 I SmartPanel_PackageReceiver1: PackageReceiver received pkgName = com.kelas.balancebook, action = android.intent.action.PACKAGE_REPLACED
03-13 00:17:37.036  3696 18468 I SmartPanel_PackageReceiver1: package replaced pkgName = com.kelas.balancebook
03-13 00:17:37.036  3696 18468 I SmartPanel_SmartPanelBeanHelper: oobe = ID, DefaultAppShortcutList = [screen_shot, screen_record, com.whatsapp, com.facebook.katana, com.google.android.youtube, com.instagram.android, com.zaz.translate, com.android.chrome, com.transsion.notebook, com.transsion.calculator, lock_screen, com.transsion.filemanagerx, com.gallery20, com.transsion.smartmessage, com.transsion.phoenix, scan, com.transsion.camera/selfie, com.shopee.id, com.lazada.android, com.zhiliaoapp.musically]
03-13 00:17:37.037  3696  3696 W ContextImpl: Calling a method in the system process without a qualified user: android.app.ContextImpl.startService:1978 android.content.ContextWrapper.startService:817 com.transsion.smartpanel.presenter.SmartPanelPresenter$r.a:5 com.transsion.smartpanel.commands.e.onChange:1 android.database.ContentObserver.onChange:154 
03-13 00:17:37.037  3696 18468 I SmartPanel_SmartPanelPresenter1: doCheckAndAddAppOrShortcut canAddFlow = true, isTwinApp = false,isShortcut = false, xunhui game= true, freeeform = false
03-13 00:17:37.040  3696  3696 I SmartPanel_SmartPanelPresenter1: smart_panel_can_show = 1
03-13 00:17:37.040  3696 18468 I SmartPanel_SmartPanelPresenter1: getAllAppInfo start
03-13 00:17:37.041  3696  3696 I SmartPanel_SmartPanelService: changeSmartPanelStatus :0,selfSet =true, mTouchView null false
03-13 00:17:37.041  3696  3696 I SmartPanel_SmartPanelService: do changeSmartPanelStatus dismiss
03-13 00:17:37.123  3696 18468 I SmartPanel_AppModel: com.sh.smart.caller is duplicated uid = 0
03-13 00:17:37.171  3696  3696 W com.transsion.smartpanel: type=1400 audit(0.0:30656): avc: denied { ioctl } for comm=4173796E635461736B20233730 path="/data/app/~~Gk1oVJen63dJtPcP4t5iWQ==/idm.internet.download.manager-a9fRJLu4Y9AfkAW0Y6tJSA==/base.apk" dev="incremental-fs" ino=996956 ioctlcmd=0x6722 scontext=u:r:system_app:s0 tcontext=u:object_r:apk_data_file:s0 tclass=file permissive=0
03-13 00:17:37.171  3696  3696 W com.transsion.smartpanel: type=1400 audit(0.0:30657): avc: denied { ioctl } for comm=4173796E635461736B20233730 path="/data/app/~~Gk1oVJen63dJtPcP4t5iWQ==/idm.internet.download.manager-a9fRJLu4Y9AfkAW0Y6tJSA==/split_config.xxhdpi.apk" dev="incremental-fs" ino=1045137 ioctlcmd=0x6722 scontext=u:r:system_app:s0 tcontext=u:object_r:apk_data_file:s0 tclass=file permissive=0
03-13 00:17:37.175  3696  3696 W com.transsion.smartpanel: type=1400 audit(0.0:30658): avc: denied { ioctl } for comm=4173796E635461736B20233730 path="/data/app/~~Gk1oVJen63dJtPcP4t5iWQ==/idm.internet.download.manager-a9fRJLu4Y9AfkAW0Y6tJSA==/base.apk" dev="incremental-fs" ino=996956 ioctlcmd=0x6722 scontext=u:r:system_app:s0 tcontext=u:object_r:apk_data_file:s0 tclass=file permissive=0
03-13 00:17:37.175  3696  3696 W com.transsion.smartpanel: type=1400 audit(0.0:30659): avc: denied { ioctl } for comm=4173796E635461736B20233730 path="/data/app/~~Gk1oVJen63dJtPcP4t5iWQ==/idm.internet.download.manager-a9fRJLu4Y9AfkAW0Y6tJSA==/split_config.xxhdpi.apk" dev="incremental-fs" ino=1045137 ioctlcmd=0x6722 scontext=u:r:system_app:s0 tcontext=u:object_r:apk_data_file:s0 tclass=file permissive=0
03-13 00:17:37.175  3696  3696 W com.transsion.smartpanel: type=1400 audit(0.0:30660): avc: denied { ioctl } for comm=4173796E635461736B20233730 path="/data/app/~~Gk1oVJen63dJtPcP4t5iWQ==/idm.internet.download.manager-a9fRJLu4Y9AfkAW0Y6tJSA==/base.apk" dev="incremental-fs" ino=996956 ioctlcmd=0x6722 scontext=u:r:system_app:s0 tcontext=u:object_r:apk_data_file:s0 tclass=file permissive=0
03-13 00:17:37.184  3696 18468 I SmartPanel_AppModel: idm.internet.download.manager is duplicated uid = 0
03-13 00:17:37.190  1347  1774 W ActivityManager: Receiver with filter android.content.IntentFilter@843dfb3 already registered for pid 1347, callerPackage is android
03-13 00:17:37.191  1347  1774 W ActivityManager: Receiver with filter android.content.IntentFilter@a80f970 already registered for pid 1347, callerPackage is android
03-13 00:17:37.242  1347  1715 I BaseFilesVerify: Base File verify start
03-13 00:17:37.242  1347  1715 W BaseFilesVerify: settings_secure.xmlis not in fileProtect list,can not protect this file
03-13 00:17:37.352  4276  4817 W Kolun_AI: TwsScanController:isPeriodScanModel mIsPhonePlayingMusic:true
03-13 00:17:37.352  4276  4817 W Kolun_AI: TwsScanController:isPeriodScanModel mIsPhonePlayingMusic:true
03-13 00:17:37.352  4276  4817 I Kolun_AI: KolunBleScanProcessor: startScan,scanMode:0
03-13 00:17:37.353  4276  4817 I Kolun_AI: KolunBleScanProcessor: startScan,scanPermission:0,connectPermission:0
03-13 00:17:37.355 17177 17248 I bluetooth: GATT_Register: Allocated name:GattClient uuid:3f9ccdd6-ed21-05d5-ea4d-1a80b73a0f50 gatt_if:8 eatt_support:0
03-13 00:17:37.358 17177 20100 I AppScanStats: BLE_SCAN_STATE_CHANGED[8]reportBleScanStarted=false
03-13 00:17:37.358 17177 20100 I bt_btif : get_profile_interface: get_profile_interface: id = activity_attribution
03-13 00:17:37.358 17177 20100 E bt_stack: [ERROR:com_android_bluetooth_btservice_ActivityAttribution.cpp(172)] Failed to get ActivityAttribution Interface
03-13 00:17:37.359  4276  4817 I Kolun_AI: KolunBleScanProcessor: startScan success
03-13 00:17:37.508  1347  1347 I MWN     : onSignalStrengthsChanged...
03-13 00:17:37.509  1347  1347 I MWN     : network type = 1
03-13 00:17:37.510  1347  1347 I MWN     : Write 0 to node. type=Wi-Fi mSimExist=true mFlightMode=false
03-13 00:17:37.510  1347  1347 I MWN     : write the value:0 to node successfully.
03-13 00:17:37.569   803   841 I libPerfCtl: xgfGetFPS pid:1897 fps:125
03-13 00:17:37.569   803   841 I libPerfCtl: xgfGetFPS pid:12456 fps:120
03-13 00:17:37.576  3696 18468 I TranNonAdaptiveIconExtImpl: custom icon for ApplicationInfo{8520f20 com.funbase.xradio}
03-13 00:17:37.578  3696 18468 I TranIconHelper: Destory assetMAnager
03-13 00:17:37.580  3696 18468 I TranIconHelper: Destory assetMAnager
03-13 00:17:37.607  3696 18468 I TranNonAdaptiveIconExtImpl: custom icon for ApplicationInfo{106affe com.transsion.XOSLauncher}
03-13 00:17:37.608  3696 18468 I TranIconHelper: Destory assetMAnager
03-13 00:17:37.610  3696 18468 I TranIconHelper: Destory assetMAnager
03-13 00:17:37.617  3696 18468 I TranNonAdaptiveIconExtImpl: custom icon for ApplicationInfo{b763ddc com.transsion.healthlife}
03-13 00:17:37.618  3696 18468 I TranIconHelper: Destory assetMAnager
03-13 00:17:37.621  3696 18468 I TranIconHelper: Destory assetMAnager
03-13 00:17:37.631  3696 18468 I TranNonAdaptiveIconExtImpl: custom icon for ApplicationInfo{611196a com.transsion.smartpanel}
03-13 00:17:37.633  3696 18468 I TranIconHelper: Destory assetMAnager
03-13 00:17:37.635  3696 18468 I TranIconHelper: Destory assetMAnager
03-13 00:17:37.658  3696 18468 I TranNonAdaptiveIconExtImpl: custom icon for ApplicationInfo{5aa4a6c com.telkomsel.telkomselcm}
03-13 00:17:37.659  3696 18468 I TranIconHelper: Destory assetMAnager
03-13 00:17:37.662  3696 18468 I TranIconHelper: Destory assetMAnager
03-13 00:17:37.706  3696 18468 I TranNonAdaptiveIconExtImpl: custom icon for ApplicationInfo{15faa82 com.infinix.xshare}
03-13 00:17:37.707  3696 18468 I TranIconHelper: Destory assetMAnager
03-13 00:17:37.709  3696 18468 I TranIconHelper: Destory assetMAnager
03-13 00:17:37.714  3696 18468 I TranNonAdaptiveIconExtImpl: custom icon for ApplicationInfo{96cb700 com.transsion.aivoiceassistant}
03-13 00:17:37.716  3696 18468 I TranIconHelper: Destory assetMAnager
03-13 00:17:37.718  3696 18468 I TranIconHelper: Destory assetMAnager
03-13 00:17:37.736  3696 18468 I TranNonAdaptiveIconExtImpl: custom icon for ApplicationInfo{cef8548 com.transsnet.store}
03-13 00:17:37.738  3696 18468 I TranIconHelper: Destory assetMAnager
03-13 00:17:37.739   838   838 I BufferQueueProducer: [SurfaceView[com.aniverseid.animelovers/com.aniverseid.animelovers.MainActivity](BLAST)#11425](this:0xb400007d3f88ec08,id:-1,api:0,p:-1,c:838) queueBuffer: fps=120.14 dur=1007.13 max=9.83 min=6.70
03-13 00:17:37.740  3696 18468 I TranIconHelper: Destory assetMAnager
03-13 00:17:37.744  3696 18468 I TranNonAdaptiveIconExtImpl: custom icon for ApplicationInfo{20bc7b6 com.trassion.infinix.xclub}
03-13 00:17:37.746  3696 18468 I TranIconHelper: Destory assetMAnager
03-13 00:17:37.748  3696 18468 I TranIconHelper: Destory assetMAnager
03-13 00:17:37.755  3696 18468 I TranNonAdaptiveIconExtImpl: custom icon for ApplicationInfo{79de6f2 net.bat.store}
03-13 00:17:37.757  3696 18468 I TranIconHelper: Destory assetMAnager
03-13 00:17:37.758  3696 18468 I TranIconHelper: Destory assetMAnager
03-13 00:17:37.773  3696 18468 I TranNonAdaptiveIconExtImpl: custom icon for ApplicationInfo{9ecf1fa app.bpjs.mobile}
03-13 00:17:37.775  3696 18468 I TranIconHelper: Destory assetMAnager
03-13 00:17:37.777  3696 18468 I TranIconHelper: Destory assetMAnager
03-13 00:17:37.791  3696 18468 I TranNonAdaptiveIconExtImpl: custom icon for ApplicationInfo{2266802 com.afkarstudios.icyfloes}
03-13 00:17:37.793  3696 18468 I TranIconHelper: Destory assetMAnager
03-13 00:17:37.796  3696 18468 I TranIconHelper: Destory assetMAnager
03-13 00:17:37.800  3696 18468 I TranNonAdaptiveIconExtImpl: custom icon for ApplicationInfo{4d0d080 com.aiany.astra}
03-13 00:17:37.801  3696 18468 I TranIconHelper: Destory assetMAnager
03-13 00:17:37.803  3696 18468 I TranIconHelper: Destory assetMAnager
03-13 00:17:37.813  1846  1846 I WifiHAL : Get link layer stats
03-13 00:17:37.813  1846  1846 I WifiHAL : GetLinkStatsCommand::create
03-13 00:17:37.813  1846  1846 I android.hardware.wifi@1.0-service-lazy: WifiCommand::requestResponse err=-14
03-13 00:17:37.813  1846  1846 I WifiHAL : wifi_get_link_stats: result=-1
03-13 00:17:37.813  1347  1752 E WifiVendorHal: getWifiLinkLayerStats_1_5_Internal(l.1176) failed {.code = ERROR_UNKNOWN, .description = unknown}
03-13 00:17:37.816  3696 18468 I TranNonAdaptiveIconExtImpl: custom icon for ApplicationInfo{e6228ba com.ammonite.goose}
03-13 00:17:37.818  3696 18468 I TranIconHelper: Destory assetMAnager
03-13 00:17:37.820  3696 18468 I TranIconHelper: Destory assetMAnager
03-13 00:17:37.830  3696 18468 I TranNonAdaptiveIconExtImpl: custom icon for ApplicationInfo{f3b2d36 com.aniverseid.animelovers}
03-13 00:17:37.832  3696 18468 I TranIconHelper: Destory assetMAnager
03-13 00:17:37.833  3696 18468 I TranIconHelper: Destory assetMAnager
03-13 00:17:37.882   784   784 I hwcomposer: [HWCDisplay] [Display_0 (type:1)] fps:120.243721,dur:1006.29,max:9.64,min:7.10  
03-13 00:17:37.896  3696 18468 I TranNonAdaptiveIconExtImpl: custom icon for ApplicationInfo{e3951cc com.freereels.app}
03-13 00:17:37.898  3696 18468 I TranIconHelper: Destory assetMAnager
03-13 00:17:37.899  3696 18468 I TranIconHelper: Destory assetMAnager
03-13 00:17:37.976  3696 18468 I TranNonAdaptiveIconExtImpl: custom icon for ApplicationInfo{d40d848 com.k24klik.android}
03-13 00:17:37.978  3696 18468 I TranIconHelper: Destory assetMAnager
03-13 00:17:37.980  3696 18468 I TranIconHelper: Destory assetMAnager
03-13 00:17:38.010   803   861 I mtkpower@impl: [powerd_req] TIMER_MSG_PERF_LOCK_TIMEOUT hdl:23175
03-13 00:17:38.052  3696 18468 I TranNonAdaptiveIconExtImpl: custom icon for ApplicationInfo{b2d92b6 com.kcatta.fwcoupleonline}
03-13 00:17:38.054  3696 18468 I TranIconHelper: Destory assetMAnager
03-13 00:17:38.057  3696 18468 I TranIconHelper: Destory assetMAnager
03-13 00:17:38.088 30786  3152 I welinkBLE: deviceInfo is null, continue scan......
03-13 00:17:38.143  3696 18468 I TranNonAdaptiveIconExtImpl: custom icon for ApplicationInfo{8ce302 com.kitalulus}
03-13 00:17:38.147  3696 18468 I TranIconHelper: Destory assetMAnager
03-13 00:17:38.149  3696 18468 I TranIconHelper: Destory assetMAnager
03-13 00:17:38.181  3696 18468 I TranNonAdaptiveIconExtImpl: custom icon for ApplicationInfo{9322f0 com.lemon.lvoverseas}
03-13 00:17:38.182  3696 18468 I TranIconHelper: Destory assetMAnager
03-13 00:17:38.184  3696 18468 I TranIconHelper: Destory assetMAnager
03-13 00:17:38.193  3696 18468 I TranNonAdaptiveIconExtImpl: custom icon for ApplicationInfo{3962695 com.linkdokter.halodoc.android}
03-13 00:17:38.195  3696 18468 I TranIconHelper: Destory assetMAnager
03-13 00:17:38.198  3696 18468 I TranIconHelper: Destory assetMAnager
03-13 00:17:38.284  3271  6504 W native  : W0000 00:00:1773335858.284579    6504 lag_detector.cc:58] Pipeline lagging by 1.130807534s. Continue processing samples.
03-13 00:17:38.307  3696 18468 I TranNonAdaptiveIconExtImpl: custom icon for ApplicationInfo{24adda5 com.sangkode.hitunghpp}
03-13 00:17:38.308  3696 18468 I TranIconHelper: Destory assetMAnager
03-13 00:17:38.310  3696 18468 I TranIconHelper: Destory assetMAnager
03-13 00:17:38.368  3696 18468 I TranNonAdaptiveIconExtImpl: custom icon for ApplicationInfo{251b930 com.smartwidgetlabs.nfctools}
03-13 00:17:38.370  3696 18468 I TranIconHelper: Destory assetMAnager
03-13 00:17:38.373  3696 18468 I TranIconHelper: Destory assetMAnager
03-13 00:17:38.426  3696 18468 I TranNonAdaptiveIconExtImpl: custom icon for ApplicationInfo{8a9e43 com.vsrevogroup.revouninstaller}
03-13 00:17:38.428  3696 18468 I TranIconHelper: Destory assetMAnager
03-13 00:17:38.430  3696 18468 I TranIconHelper: Destory assetMAnager
03-13 00:17:38.454  3696 18468 I TranNonAdaptiveIconExtImpl: custom icon for ApplicationInfo{f37cd95 com.woertec.tozo}
03-13 00:17:38.456  3696 18468 I TranIconHelper: Destory assetMAnager
03-13 00:17:38.458  3696 18468 I TranIconHelper: Destory assetMAnager
03-13 00:17:38.507  3696 18468 I TranNonAdaptiveIconExtImpl: custom icon for ApplicationInfo{98b3786 gov.dukcapil.mobile_id}
03-13 00:17:38.509  3696 18468 I TranIconHelper: Destory assetMAnager
03-13 00:17:38.510  3696 18468 I TranIconHelper: Destory assetMAnager
03-13 00:17:38.569   803   841 I libPerfCtl: xgfGetFPS pid:1897 fps:-1
03-13 00:17:38.569   803   841 I libPerfCtl: xgfGetFPS pid:12456 fps:120
03-13 00:17:38.577  3696 18468 I TranNonAdaptiveIconExtImpl: custom icon for ApplicationInfo{61ded58 id.co.foom}
03-13 00:17:38.579  3696 18468 I TranIconHelper: Destory assetMAnager
03-13 00:17:38.581  3696 18468 I TranIconHelper: Destory assetMAnager
03-13 00:17:38.596  3696 18468 I TranNonAdaptiveIconExtImpl: custom icon for ApplicationInfo{f59dcff id.flip}
03-13 00:17:38.598  3696 18468 I TranIconHelper: Destory assetMAnager
03-13 00:17:38.599  3696 18468 I TranIconHelper: Destory assetMAnager
03-13 00:17:38.607  3696 18468 I TranNonAdaptiveIconExtImpl: custom icon for ApplicationInfo{297bee8 id.go.kemensos.pelaporan}
03-13 00:17:38.608  3696 18468 I TranIconHelper: Destory assetMAnager
03-13 00:17:38.611  3696 18468 I TranIconHelper: Destory assetMAnager
03-13 00:17:38.634  3696 18468 I TranNonAdaptiveIconExtImpl: custom icon for ApplicationInfo{e593be1 id.tix.android}
03-13 00:17:38.636  3696 18468 I TranIconHelper: Destory assetMAnager
03-13 00:17:38.638  3696 18468 I TranIconHelper: Destory assetMAnager
03-13 00:17:38.659  3696 18468 I TranNonAdaptiveIconExtImpl: custom icon for ApplicationInfo{6594254 lds.cinema21}
03-13 00:17:38.662  3696 18468 I TranIconHelper: Destory assetMAnager
03-13 00:17:38.664  3696 18468 I TranIconHelper: Destory assetMAnager
03-13 00:17:38.673  3696 18468 I TranNonAdaptiveIconExtImpl: custom icon for ApplicationInfo{e9a1e69 live.shorttv.dramarush.android}
03-13 00:17:38.675  3696 18468 I TranIconHelper: Destory assetMAnager
03-13 00:17:38.676  3696 18468 I TranIconHelper: Destory assetMAnager
03-13 00:17:38.709  3696 18468 I TranNonAdaptiveIconExtImpl: custom icon for ApplicationInfo{9c1ce5f org.chromium.webapk.a7e38917e8079b034_v2}
03-13 00:17:38.711  3696 18468 I TranIconHelper: Destory assetMAnager
03-13 00:17:38.714  3696 18468 I TranIconHelper: Destory assetMAnager
03-13 00:17:38.742  3696 18468 I SmartPanel_SmartPanelPresenter1: getAllAppInfo finished
03-13 00:17:38.747   838   838 I BufferQueueProducer: [SurfaceView[com.aniverseid.animelovers/com.aniverseid.animelovers.MainActivity](BLAST)#11425](this:0xb400007d3f88ec08,id:-1,api:0,p:-1,c:838) queueBuffer: fps=120.15 dur=1007.09 max=8.59 min=8.14
03-13 00:17:38.754  3696  3696 I SmartPanel_SmartPanelPresenter1: smart_panel_can_show set = 0 userid = 0
03-13 00:17:38.756  3696  3696 W ContextImpl: Calling a method in the system process without a qualified user: android.app.ContextImpl.startService:1978 android.content.ContextWrapper.startService:817 com.transsion.smartpanel.presenter.SmartPanelPresenter$r.a:5 com.transsion.smartpanel.commands.e.onChange:1 android.database.ContentObserver.onChange:154 
03-13 00:17:38.758  3696  3696 I SmartPanel_SmartPanelPresenter1: smart_panel_can_show = 0
03-13 00:17:38.759  3696  3696 I SmartPanel_SmartPanelService: changeSmartPanelStatus :1,selfSet =true, mTouchView null false
03-13 00:17:38.766  3696  3696 I SmartPanel_SmartPanelService: do changeSmartPanelStatus show
03-13 00:17:38.785 30786  3152 I welinkBLE: deviceInfo is null, continue scan......
03-13 00:17:38.815 30786  3152 I welinkBLE: deviceInfo is null, continue scan......
03-13 00:17:38.816 30786  3152 I welinkBLE: deviceInfo is null, continue scan......
03-13 00:17:38.889   784   784 I hwcomposer: [HWCDisplay] [Display_0 (type:1)] fps:120.144936,dur:1007.12,max:8.70,min:7.98  
03-13 00:17:38.959  1347  1715 I BaseFilesVerify: Base File verify start
03-13 00:17:38.959  1347  1715 W BaseFilesVerify: settings_secure.xmlis not in fileProtect list,can not protect this file
03-13 00:17:38.955  2432  2432 W ThreadPoolForeg: type=1400 audit(0.0:30667): avc: denied { write } for name="traced_producer" dev="tmpfs" ino=647 scontext=u:r:gmscore_app:s0:c512,c768 tcontext=u:object_r:traced_producer_socket:s0 tclass=sock_file permissive=0 app=com.google.android.gms
03-13 00:17:39.054  4276  5795 I DataStorageManager: batchSaveRunnable  isBatchSaveRunning false
03-13 00:17:39.054  4276 18215 I DataStorageManager: batchSave 8
03-13 00:17:39.340  1347  3390 I BaseFilesVerify: Base File verify start
03-13 00:17:39.340  1347  3390 W BaseFilesVerify: 182_task.xmlis not in fileProtect list,can not protect this file
03-13 00:17:39.353  4276  4817 W Kolun_AI: BleScanAssistor: stopBleScan immediate:true
03-13 00:17:39.354 17177 20100 I AppScanStats: BLE_SCAN_RESULT_RECEIVED[8]reportBleScanResults=4
03-13 00:17:39.354 17177 20100 I AppScanStats: BLE_SCAN_STATE_CHANGED[8]reportBleScanStopped=false
03-13 00:17:39.355 17177 20100 I bt_btif : get_profile_interface: get_profile_interface: id = activity_attribution
03-13 00:17:39.355 17177 20100 E bt_stack: [ERROR:com_android_bluetooth_btservice_ActivityAttribution.cpp(172)] Failed to get ActivityAttribution Interface
03-13 00:17:39.356 17177 17248 I bt_stack: [INFO:gatt_api.cc(1045)] GATT_Deregister gatt_if=8
03-13 00:17:39.356  4276  4817 W Kolun_AI: KolunBleScanProcessor: stopScan
03-13 00:17:39.356  4276  4817 W Kolun_AI: TwsScanController:isPeriodScanModel mIsPhonePlayingMusic:true
03-13 00:17:39.356  4276  4817 I Kolun_AI: TwsScanController:updateScanState mPeriodStartScanRunnable start,delay:4000
03-13 00:17:39.356  4276  4817 I Kolun_AI: BleScanAssistor:realStopBleScan success
03-13 00:17:39.356  4276  4817 W Kolun_AI: TwsScanController:isPeriodScanModel mIsPhonePlayingMusic:true
03-13 00:17:39.356  4276  4817 W Kolun_AI: BleScanAssistor:realStopBleScan isPeriodScanModel and is screen on,do not remove BleScannerDeathRecipient
03-13 00:17:39.356  4276  4817 W Kolun_AI: TwsScanController:PeriodStopScanRunnable running end, mIsBleScanning:false
03-13 00:17:39.569 17830 17963 W Video:SocketState: (DefaultDispatcher-worker-12:155) [onWebSocketEventLost] no args
03-13 00:17:39.569 17830 17870 I Video:Socket: (DefaultDispatcher-worker-1:80) [onSocketStateChanged] state: Disconnected.InactiveWS
03-13 00:17:39.569   803   841 I libPerfCtl: xgfGetFPS pid:1897 fps:-1
03-13 00:17:39.569   803   841 I libPerfCtl: xgfGetFPS pid:12456 fps:120
03-13 00:17:39.570 17830 17870 I Video:Socket: (DefaultDispatcher-worker-1:80) [onSocketStateChanged] state: Connecting(connectionConf=UserConnectionConf(endpoint=wss://video.stream-io-api.com/video/connect, apiKey=8d8j4ujbd3pj, user=User(id=9990016343335724, role=user, type=Authenticated, name=Kalel, image=https://static-content.alfagift.id/static/alfagift-app/profile_placeholder.png, teams=[], custom={}, createdAt=null, updatedAt=null, deletedAt=null)), connectionType=AUTOMATIC_RECONNECTION)
03-13 00:17:39.570 17830 17960 E Video:Socket: (DefaultDispatcher-worker-7:150) [handleError] error: Error(streamError=NetworkError(message=Server closed connection, serverErrorCode=1002, statusCode=-1, cause=null), reconnectStrategy=null)
03-13 00:17:39.570 17830 17960 E Video:SocketState: (DefaultDispatcher-worker-7:150) [onNetworkError] error: NetworkError(message=Server closed connection, serverErrorCode=1002, statusCode=-1, cause=null)
03-13 00:17:39.572 17830 17870 I Video:SocketFactory: (DefaultDispatcher-worker-1:80) [createSocket] new web socket: https://video.stream-io-api.com/video/connect
03-13 00:17:39.573 17830 17870 I Video:Socket: (DefaultDispatcher-worker-1:80) [onSocketStateChanged] state: DisconnectedTemporarily(error=NetworkError(message=Server closed connection, serverErrorCode=1002, statusCode=-1, cause=null))
03-13 00:17:39.573 17830 17870 I Video:SocketMonitor: (DefaultDispatcher-worker-1:80) Next connection attempt in 12445 ms
03-13 00:17:39.574   767 18471 I resolv  : GetAddrInfoHandler::run: {123 262267 123 983163 10338 0}
03-13 00:17:39.574   767 18472 I resolv  : res_nmkquery: (QUERY, IN, AAAA)
03-13 00:17:39.574   767 18473 I resolv  : res_nmkquery: (QUERY, IN, A)
03-13 00:17:39.574   767 18472 I resolv  : resolv_cache_lookup: FOUND IN CACHE entry=0xb400007265a657d0
03-13 00:17:39.574   767 18472 I resolv  : doQuery: rcode=0, ancount=1, return value=204
03-13 00:17:39.574   767 18473 I resolv  : resolv_cache_lookup: FOUND IN CACHE entry=0xb400007265a66090
03-13 00:17:39.574   767 18473 I resolv  : doQuery: rcode=0, ancount=4, return value=167
03-13 00:17:39.746 17830 17870 E Video:Socket: (DefaultDispatcher-worker-1:80) [handleError] error: Error(streamError=NetworkError(message=Too many requests, check response headers for more information., serverErrorCode=9, statusCode=429, cause=null), reconnectStrategy=null)
03-13 00:17:39.746 17830 17870 E Video:SocketState: (DefaultDispatcher-worker-1:80) [onNetworkError] error: NetworkError(message=Too many requests, check response headers for more information., serverErrorCode=9, statusCode=429, cause=null)
03-13 00:17:39.746 17830 17870 I Video:Socket: (DefaultDispatcher-worker-1:80) [onSocketStateChanged] state: DisconnectedTemporarily(error=NetworkError(message=Too many requests, check response headers for more information., serverErrorCode=9, statusCode=429, cause=null))
03-13 00:17:39.746 17830 17870 I Video:SocketMonitor: (DefaultDispatcher-worker-1:80) Next connection attempt in 12922 ms
03-13 00:17:39.754   838   838 I BufferQueueProducer: [SurfaceView[com.aniverseid.animelovers/com.aniverseid.animelovers.MainActivity](BLAST)#11425](this:0xb400007d3f88ec08,id:-1,api:0,p:-1,c:838) queueBuffer: fps=120.14 dur=1007.18 max=8.47 min=8.21
03-13 00:17:39.844  1347  3390 I BaseFilesVerify: Base File verify start
03-13 00:17:39.844  1347  3390 W BaseFilesVerify: 130_task.xmlis not in fileProtect list,can not protect this file
03-13 00:17:39.896   784   784 I hwcomposer: [HWCDisplay] [Display_0 (type:1)] fps:120.132751,dur:1007.22,max:8.59,min:8.08  
03-13 00:17:40.012   838   838 I BufferQueueProducer: [StatusBar#94](this:0xb400007d3f7de328,id:-1,api:0,p:-1,c:838) queueBuffer: fps=0.20 dur=5002.51 max=5002.51 min=5002.51
