03-13 00:17:36.349 18427 18427 E AndroidRuntime: 	at android.app.servertransaction.TransactionExecutor.executeCallbacks(TransactionExecutor.java:145)
03-13 00:17:36.349 18427 18427 E AndroidRuntime: 	at android.app.servertransaction.TransactionExecutor.execute(TransactionExecutor.java:105)
03-13 00:17:36.349 18427 18427 E AndroidRuntime: 	at android.app.ActivityThread$H.handleMessage(ActivityThread.java:2393)
03-13 00:17:36.349 18427 18427 E AndroidRuntime: 	at android.os.Handler.dispatchMessage(Handler.java:106)
03-13 00:17:36.349 18427 18427 E AndroidRuntime: 	at android.os.Looper.loopOnce(Looper.java:204)
03-13 00:17:36.349 18427 18427 E AndroidRuntime: 	at android.os.Looper.loop(Looper.java:291)
03-13 00:17:36.349 18427 18427 E AndroidRuntime: 	at android.app.ActivityThread.main(ActivityThread.java:8134)
03-13 00:17:36.349 18427 18427 E AndroidRuntime: 	at java.lang.reflect.Method.invoke(Native Method)
03-13 00:17:36.349 18427 18427 E AndroidRuntime: 	at com.android.internal.os.RuntimeInit$MethodAndArgsCaller.run(RuntimeInit.java:601)
03-13 00:17:36.349 18427 18427 E AndroidRuntime: 	at com.android.internal.os.ZygoteInit.main(ZygoteInit.java:1136)
03-13 00:17:36.349 18427 18427 E AndroidRuntime: Caused by: android.view.InflateException: Binary XML file line #31 in com.kelas.balancebook:layout/activity_main: Binary XML file line #31 in com.kelas.balancebook:layout/activity_main: Error inflating class com.google.android.material.bottomnavigation.BottomNavigationView
03-13 00:17:36.349 18427 18427 E AndroidRuntime: Caused by: android.view.InflateException: Binary XML file line #31 in com.kelas.balancebook:layout/activity_main: Error inflating class com.google.android.material.bottomnavigation.BottomNavigationView
03-13 00:17:36.349 18427 18427 E AndroidRuntime: Caused by: java.lang.reflect.InvocationTargetException
03-13 00:17:36.349 18427 18427 E AndroidRuntime: 	at java.lang.reflect.Constructor.newInstance0(Native Method)
03-13 00:17:36.349 18427 18427 E AndroidRuntime: 	at java.lang.reflect.Constructor.newInstance(Constructor.java:343)
03-13 00:17:36.349 18427 18427 E AndroidRuntime: 	at android.view.LayoutInflater.createView(LayoutInflater.java:858)
03-13 00:17:36.349 18427 18427 E AndroidRuntime: 	at android.view.LayoutInflater.createViewFromTag(LayoutInflater.java:1014)
03-13 00:17:36.349 18427 18427 E AndroidRuntime: 	at android.view.LayoutInflater.createViewFromTag(LayoutInflater.java:965)
03-13 00:17:36.349 18427 18427 E AndroidRuntime: 	at android.view.LayoutInflater.rInflate(LayoutInflater.java:1144)
03-13 00:17:36.349 18427 18427 E AndroidRuntime: 	at android.view.LayoutInflater.rInflateChildren(LayoutInflater.java:1105)
03-13 00:17:36.349 18427 18427 E AndroidRuntime: 	at android.view.LayoutInflater.inflate(LayoutInflater.java:686)
03-13 00:17:36.349 18427 18427 E AndroidRuntime: 	at android.view.LayoutInflater.inflate(LayoutInflater.java:538)
03-13 00:17:36.349 18427 18427 E AndroidRuntime: 	at com.kelas.balancebook.databinding.ActivityMainBinding.inflate(ActivityMainBinding.java:56)
03-13 00:17:36.349 18427 18427 E AndroidRuntime: 	at com.kelas.balancebook.databinding.ActivityMainBinding.inflate(ActivityMainBinding.java:50)
03-13 00:17:36.349 18427 18427 E AndroidRuntime: 	at com.kelas.balancebook.MainActivity.onCreate(MainActivity.kt:16)
03-13 00:17:36.349 18427 18427 E AndroidRuntime: 	at android.app.Activity.performCreate(Activity.java:8338)
03-13 00:17:36.349 18427 18427 E AndroidRuntime: 	at android.app.Activity.performCreate(Activity.java:8317)
03-13 00:17:36.349 18427 18427 E AndroidRuntime: 	at android.app.Instrumentation.callActivityOnCreate(Instrumentation.java:1388)
03-13 00:17:36.349 18427 18427 E AndroidRuntime: 	at android.app.ActivityThread.performLaunchActivity(ActivityThread.java:3756)
03-13 00:17:36.349 18427 18427 E AndroidRuntime: 	at android.app.ActivityThread.handleLaunchActivity(ActivityThread.java:3970)
03-13 00:17:36.349 18427 18427 E AndroidRuntime: 	at android.app.servertransaction.LaunchActivityItem.execute(LaunchActivityItem.java:101)
03-13 00:17:36.349 18427 18427 E AndroidRuntime: 	at android.app.servertransaction.TransactionExecutor.executeCallbacks(TransactionExecutor.java:145)
03-13 00:17:36.349 18427 18427 E AndroidRuntime: 	at android.app.servertransaction.TransactionExecutor.execute(TransactionExecutor.java:105)
03-13 00:17:36.349 18427 18427 E AndroidRuntime: 	at android.app.ActivityThread$H.handleMessage(ActivityThread.java:2393)
03-13 00:17:36.349 18427 18427 E AndroidRuntime: 	at android.os.Handler.dispatchMessage(Handler.java:106)
03-13 00:17:36.349 18427 18427 E AndroidRuntime: 	at android.os.Looper.loopOnce(Looper.java:204)
03-13 00:17:36.349 18427 18427 E AndroidRuntime: 	at android.os.Looper.loop(Looper.java:291)
03-13 00:17:36.349 18427 18427 E AndroidRuntime: 	at android.app.ActivityThread.main(ActivityThread.java:8134)
03-13 00:17:36.349 18427 18427 E AndroidRuntime: 	at java.lang.reflect.Method.invoke(Native Method)
03-13 00:17:36.349 18427 18427 E AndroidRuntime: 	at com.android.internal.os.RuntimeInit$MethodAndArgsCaller.run(RuntimeInit.java:601)
03-13 00:17:36.349 18427 18427 E AndroidRuntime: 	at com.android.internal.os.ZygoteInit.main(ZygoteInit.java:1136)
03-13 00:17:36.352 18427 18427 E AndroidRuntime: Caused by: android.view.InflateException: Binary XML file line #75 in com.kelas.balancebook:layout/design_bottom_navigation_item: Binary XML file line #75 in com.kelas.balancebook:layout/design_bottom_navigation_item: Error inflating class TextView
03-13 00:17:36.352 18427 18427 E AndroidRuntime: Caused by: android.view.InflateException: Binary XML file line #75 in com.kelas.balancebook:layout/design_bottom_navigation_item: Error inflating class TextView
03-13 00:17:36.352 18427 18427 E AndroidRuntime: Caused by: java.lang.IllegalArgumentException: bad base-64
03-13 00:17:36.352 18427 18427 E AndroidRuntime: 	at android.util.Base64.decode(Base64.java:163)
03-13 00:17:36.352 18427 18427 E AndroidRuntime: 	at android.util.Base64.decode(Base64.java:138)
03-13 00:17:36.352 18427 18427 E AndroidRuntime: 	at android.util.Base64.decode(Base64.java:120)
03-13 00:17:36.352 18427 18427 E AndroidRuntime: 	at androidx.core.content.res.FontResourcesParserCompat.toByteArrayList(FontResourcesParserCompat.java:348)
03-13 00:17:36.352 18427 18427 E AndroidRuntime: 	at androidx.core.content.res.FontResourcesParserCompat.readCerts(FontResourcesParserCompat.java:332)
03-13 00:17:36.352 18427 18427 E AndroidRuntime: 	at androidx.core.content.res.FontResourcesParserCompat.readFamily(FontResourcesParserCompat.java:240)
03-13 00:17:36.352 18427 18427 E AndroidRuntime: 	at androidx.core.content.res.FontResourcesParserCompat.readFamilies(FontResourcesParserCompat.java:212)
03-13 00:17:36.352 18427 18427 E AndroidRuntime: 	at androidx.core.content.res.FontResourcesParserCompat.parse(FontResourcesParserCompat.java:204)
03-13 00:17:36.352 18427 18427 E AndroidRuntime: 	at androidx.core.content.res.ResourcesCompat.loadFont(ResourcesCompat.java:618)
03-13 00:17:36.352 18427 18427 E AndroidRuntime: 	at androidx.core.content.res.ResourcesCompat.loadFont(ResourcesCompat.java:558)
03-13 00:17:36.352 18427 18427 E AndroidRuntime: 	at androidx.core.content.res.ResourcesCompat.getFont(ResourcesCompat.java:534)
03-13 00:17:36.352 18427 18427 E AndroidRuntime: 	at androidx.appcompat.widget.TintTypedArray.getFont(TintTypedArray.java:126)
03-13 00:17:36.352 18427 18427 E AndroidRuntime: 	at androidx.appcompat.widget.AppCompatTextHelper.updateTypefaceAndStyle(AppCompatTextHelper.java:398)
03-13 00:17:36.352 18427 18427 E AndroidRuntime: 	at androidx.appcompat.widget.AppCompatTextHelper.loadFromAttributes(AppCompatTextHelper.java:212)
03-13 00:17:36.352 18427 18427 E AndroidRuntime: 	at androidx.appcompat.widget.AppCompatTextView.<init>(AppCompatTextView.java:123)
03-13 00:17:36.352 18427 18427 E AndroidRuntime: 	at com.google.android.material.textview.MaterialTextView.<init>(MaterialTextView.java:92)
03-13 00:17:36.352 18427 18427 E AndroidRuntime: 	at com.google.android.material.textview.MaterialTextView.<init>(MaterialTextView.java:87)
03-13 00:17:36.352 18427 18427 E AndroidRuntime: 	at com.google.android.material.theme.MaterialComponentsViewInflater.createTextView(MaterialComponentsViewInflater.java:61)
03-13 00:17:36.352 18427 18427 E AndroidRuntime: 	at androidx.appcompat.app.AppCompatViewInflater.createView(AppCompatViewInflater.java:148)
03-13 00:17:36.352 18427 18427 E AndroidRuntime: 	at androidx.appcompat.app.AppCompatDelegateImpl.createView(AppCompatDelegateImpl.java:1654)
03-13 00:17:36.352 18427 18427 E AndroidRuntime: 	at androidx.appcompat.app.AppCompatDelegateImpl.onCreateView(AppCompatDelegateImpl.java:1705)
03-13 00:17:36.352 18427 18427 E AndroidRuntime: 	at android.view.LayoutInflater.tryCreateView(LayoutInflater.java:1071)
03-13 00:17:36.352 18427 18427 E AndroidRuntime: 	at android.view.LayoutInflater.createViewFromTag(LayoutInflater.java:1001)
03-13 00:17:36.352 18427 18427 E AndroidRuntime: 	at android.view.LayoutInflater.createViewFromTag(LayoutInflater.java:965)
03-13 00:17:36.352 18427 18427 E AndroidRuntime: 	at android.view.LayoutInflater.rInflate(LayoutInflater.java:1144)
03-13 00:17:36.352 18427 18427 E AndroidRuntime: 	at android.view.LayoutInflater.rInflateChildren(LayoutInflater.java:1105)
03-13 00:17:36.352 18427 18427 E AndroidRuntime: 	at android.view.LayoutInflater.rInflate(LayoutInflater.java:1147)
03-13 00:17:36.352 18427 18427 E AndroidRuntime: 	at android.view.LayoutInflater.rInflateChildren(LayoutInflater.java:1105)
03-13 00:17:36.352 18427 18427 E AndroidRuntime: 	at android.view.LayoutInflater.rInflate(LayoutInflater.java:1147)
03-13 00:17:36.352 18427 18427 E AndroidRuntime: 	at android.view.LayoutInflater.inflate(LayoutInflater.java:660)
03-13 00:17:36.352 18427 18427 E AndroidRuntime: 	at android.view.LayoutInflater.inflate(LayoutInflater.java:538)
03-13 00:17:36.352 18427 18427 E AndroidRuntime: 	at com.google.android.material.navigation.NavigationBarItemView.<init>(NavigationBarItemView.java:175)
03-13 00:17:36.352 18427 18427 E AndroidRuntime: 	at com.google.android.material.bottomnavigation.BottomNavigationItemView.<init>(BottomNavigationItemView.java:34)
03-13 00:17:36.352 18427 18427 E AndroidRuntime: 	at com.google.android.material.bottomnavigation.BottomNavigationMenuView.createNavigationBarItemView(BottomNavigationMenuView.java:223)
03-13 00:17:36.352 18427 18427 E AndroidRuntime: 	at com.google.android.material.navigation.NavigationBarMenuView.getNewItem(NavigationBarMenuView.java:1334)
03-13 00:17:36.352 18427 18427 E AndroidRuntime: 	at com.google.android.material.navigation.NavigationBarMenuView.createMenuItem(NavigationBarMenuView.java:1124)
03-13 00:17:36.352 18427 18427 E AndroidRuntime: 	at com.google.android.material.navigation.NavigationBarMenuView.buildMenuView(NavigationBarMenuView.java:1245)
03-13 00:17:36.352 18427 18427 E AndroidRuntime: 	at com.google.android.material.navigation.NavigationBarPresenter.updateMenuView(NavigationBarPresenter.java:70)
03-13 00:17:36.352 18427 18427 E AndroidRuntime: 	at com.google.android.material.navigation.NavigationBarView.inflateMenu(NavigationBarView.java:546)
03-13 00:17:36.354 18427 18427 E AndroidRuntime: 	at com.google.android.material.navigation.NavigationBarView.<init>(NavigationBarView.java:432)
03-13 00:17:36.354 18427 18427 E AndroidRuntime: 	at com.google.android.material.bottomnavigation.BottomNavigationView.<init>(BottomNavigationView.java:108)
03-13 00:17:36.354 18427 18427 E AndroidRuntime: 	at com.google.android.material.bottomnavigation.BottomNavigationView.<init>(BottomNavigationView.java:103)
03-13 00:17:36.354 18427 18427 E AndroidRuntime: 	at com.google.android.material.bottomnavigation.BottomNavigationView.<init>(BottomNavigationView.java:98)
03-13 00:17:36.354 18427 18427 E AndroidRuntime: 	at java.lang.reflect.Constructor.newInstance0(Native Method)
03-13 00:17:36.354 18427 18427 E AndroidRuntime: 	at java.lang.reflect.Constructor.newInstance(Constructor.java:343)
03-13 00:17:36.354 18427 18427 E AndroidRuntime: 	at android.view.LayoutInflater.createView(LayoutInflater.java:858)
03-13 00:17:36.354 18427 18427 E AndroidRuntime: 	at android.view.LayoutInflater.createViewFromTag(LayoutInflater.java:1014)
03-13 00:17:36.354 18427 18427 E AndroidRuntime: 	at android.view.LayoutInflater.createViewFromTag(LayoutInflater.java:965)
03-13 00:17:36.354 18427 18427 E AndroidRuntime: 	at android.view.LayoutInflater.rInflate(LayoutInflater.java:1144)
03-13 00:17:36.354 18427 18427 E AndroidRuntime: 	at android.view.LayoutInflater.rInflateChildren(LayoutInflater.java:1105)
03-13 00:17:36.354 18427 18427 E AndroidRuntime: 	at android.view.LayoutInflater.inflate(LayoutInflater.java:686)
03-13 00:17:36.354 18427 18427 E AndroidRuntime: 	at android.view.LayoutInflater.inflate(LayoutInflater.java:538)
03-13 00:17:36.354 18427 18427 E AndroidRuntime: 	at com.kelas.balancebook.databinding.ActivityMainBinding.inflate(ActivityMainBinding.java:56)
03-13 00:17:36.354 18427 18427 E AndroidRuntime: 	at com.kelas.balancebook.databinding.ActivityMainBinding.inflate(ActivityMainBinding.java:50)
03-13 00:17:36.354 18427 18427 E AndroidRuntime: 	at com.kelas.balancebook.MainActivity.onCreate(MainActivity.kt:16)
03-13 00:17:36.354 18427 18427 E AndroidRuntime: 	at android.app.Activity.performCreate(Activity.java:8338)
03-13 00:17:36.354 18427 18427 E AndroidRuntime: 	at android.app.Activity.performCreate(Activity.java:8317)
03-13 00:17:36.354 18427 18427 E AndroidRuntime: 	at android.app.Instrumentation.callActivityOnCreate(Instrumentation.java:1388)
03-13 00:17:36.354 18427 18427 E AndroidRuntime: 	at android.app.ActivityThread.performLaunchActivity(ActivityThread.java:3756)
03-13 00:17:36.354 18427 18427 E AndroidRuntime: 	at android.app.ActivityThread.handleLaunchActivity(ActivityThread.java:3970)
03-13 00:17:36.354 18427 18427 E AndroidRuntime: 	at android.app.servertransaction.LaunchActivityItem.execute(LaunchActivityItem.java:101)
03-13 00:17:36.354 18427 18427 E AndroidRuntime: 	at android.app.servertransaction.TransactionExecutor.executeCallbacks(TransactionExecutor.java:145)
03-13 00:17:36.354 18427 18427 E AndroidRuntime: 	at android.app.servertransaction.TransactionExecutor.execute(TransactionExecutor.java:105)
03-13 00:17:36.354 18427 18427 E AndroidRuntime: 	at android.app.ActivityThread$H.handleMessage(ActivityThread.java:2393)
03-13 00:17:36.354 18427 18427 E AndroidRuntime: 	at android.os.Handler.dispatchMessage(Handler.java:106)
03-13 00:17:36.354 18427 18427 E AndroidRuntime: 	at android.os.Looper.loopOnce(Looper.java:204)
03-13 00:17:36.354 18427 18427 E AndroidRuntime: 	at android.os.Looper.loop(Looper.java:291)
03-13 00:17:36.354 18427 18427 E AndroidRuntime: 	at android.app.ActivityThread.main(ActivityThread.java:8134)
03-13 00:17:36.354 18427 18427 E AndroidRuntime: 	at java.lang.reflect.Method.invoke(Native Method)
03-13 00:17:36.354 18427 18427 E AndroidRuntime: 	at com.android.internal.os.RuntimeInit$MethodAndArgsCaller.run(RuntimeInit.java:601)
03-13 00:17:36.354 18427 18427 E AndroidRuntime: 	at com.android.internal.os.ZygoteInit.main(ZygoteInit.java:1136)
03-13 00:17:36.354 18427 18427 I ExceptionHandle: at android.app.ActivityThread.performLaunchActivity(ActivityThread.java:3833)
03-13 00:17:36.354 18427 18427 I ExceptionHandle: at android.app.ActivityThread.handleLaunchActivity(ActivityThread.java:3970)
03-13 00:17:36.354 18427 18427 I ExceptionHandle: at android.app.servertransaction.LaunchActivityItem.execute(LaunchActivityItem.java:101)
03-13 00:17:36.354 18427 18427 I ExceptionHandle: at android.app.servertransaction.TransactionExecutor.executeCallbacks(TransactionExecutor.java:145)
03-13 00:17:36.354 18427 18427 I ExceptionHandle: at android.app.servertransaction.TransactionExecutor.execute(TransactionExecutor.java:105)
03-13 00:17:36.354 18427 18427 I ExceptionHandle: at android.app.ActivityThread$H.handleMessage(ActivityThread.java:2393)
03-13 00:17:36.354 18427 18427 I ExceptionHandle: at android.os.Handler.dispatchMessage(Handler.java:106)
03-13 00:17:36.354 18427 18427 I ExceptionHandle: at android.os.Looper.loopOnce(Looper.java:204)
03-13 00:17:36.354 18427 18427 I ExceptionHandle: at android.os.Looper.loop(Looper.java:291)
03-13 00:17:36.354 18427 18427 I ExceptionHandle: at android.app.ActivityThread.main(ActivityThread.java:8134)
03-13 00:17:36.354 18427 18427 I ExceptionHandle: at java.lang.reflect.Method.invoke(Native Method)
03-13 00:17:36.354 18427 18427 I ExceptionHandle: at com.android.internal.os.RuntimeInit$MethodAndArgsCaller.run(RuntimeInit.java:601)
03-13 00:17:36.354 18427 18427 I ExceptionHandle: at com.android.internal.os.ZygoteInit.main(ZygoteInit.java:1136)
03-13 00:17:36.360  1347  4340 I mtkpower_client: [Legacy][PowerHal_Wrap_notifyAppState] com.kelas.balancebook/com.kelas.balancebook pid=18427 state:3
03-13 00:17:36.360  1347  4340 I game_scn: collectForegroundAppList packName=com.kelas.balancebook, actName=com.kelas.balancebook, pid=18427, uid=10358, state:DEAD
03-13 00:17:36.361   803   861 I libPowerHal: [perfNotifyAppState] pack:com.kelas.balancebook, act:com.kelas.balancebook, state:3, pid:18427, uid:10358, fps:120
03-13 00:17:36.361   803   861 I libPowerHal: [perfNotifyAppState] pack:com.kelas.balancebook, pid:18427, STATE_DEAD
03-13 00:17:36.361  1347  4340 I TranTabeComponentImpl: [com.kelas.balancebook,1.0,0,3]
03-13 00:17:36.362 17301 17301 I EngineService: tranfs availSize = 23
03-13 00:17:36.362 17301 17301 I EngineService: mIsTranFsExist = true
03-13 00:17:36.362 17301 17301 W TranVersion: THUBCore No support Call!!! method version = 33181, >>> ThubCore vserion = 33161
03-13 00:17:36.362 17301 17301 W TranVersion:  mthod version must <= ThubCore version.
03-13 00:17:36.362 17301 17301 W TranVersion:  ---java.lang.Throwable
03-13 00:17:36.362 17301 17301 W TranVersion: #com.transsion.hubsdk.common.version.TranVersion.isIntegratedThubCore[62]
03-13 00:17:36.362 17301 17301 W TranVersion: #com.transsion.hubsdk.api.os.TranSystemProperties.getService[0]
03-13 00:17:36.362 17301 17301 W TranVersion: #com.transsion.hubsdk.api.os.TranSystemProperties.get[2]
03-13 00:17:36.362 17301 17301 W TranVersion: #com.transsion.tranengine.EngineService.onStartCommand[12]
03-13 00:17:36.362 17301 17301 I TranSystemProperties: TranAospSystemProperties
03-13 00:17:36.365  1347  4340 W ActivityTaskManager:   Force finishing activity com.kelas.balancebook/.MainActivity
03-13 00:17:36.365  1347 18452 I DropBoxManagerService: add tag=data_app_crash isTagEnabled=true flags=0x2
03-13 00:17:36.368  1347  1378 W ActivityManager: Skipping crash dialog of ProcessRecord{fce7ec8 18427:com.kelas.balancebook/u0a358}: background
03-13 00:17:36.368 18427 18427 I Process : Sending signal. PID: 18427 SIG: 9
03-13 00:17:36.371  1347  1416 W ContextImpl: Calling a method in the system process without a qualified user: android.app.ContextImpl.sendBroadcast:1239 com.transsion.hubcore.server.tabe.TranTabeComponentImpl.sendExceptionDataToTabe:235 com.transsion.hubcore.server.tabe.TranTabeComponentImpl.access$100:38 com.transsion.hubcore.server.tabe.TranTabeComponentImpl$TranTabeComponentImplHandler.handleMessage:140 android.os.Handler.dispatchMessage:106 
03-13 00:17:36.375  1347 18452 W AES     : Exception Log handling...data_app_crash
03-13 00:17:36.379  1347 18452 W AES     : skip for Exp level 0
03-13 00:17:36.386  1347  3355 I ActivityManager: Process com.kelas.balancebook (pid 18427) has died: fg  TOP 
03-13 00:17:36.386 29414 29414 I adbd    : Remote process closed the socket (on MSG_PEEK)
03-13 00:17:36.387   768   768 I Zygote  : Process 18427 exited due to signal 9 (Killed)
03-13 00:17:36.387  1347  1522 I libprocessgroup: Successfully killed process cgroup uid 10358 pid 18427 in 0ms
03-13 00:17:36.389  1347  3355 I mtkpower_client: [Legacy][PowerHal_Wrap_notifyAppState] com.kelas.balancebook/com.kelas.balancebook pid=18427 state:3
03-13 00:17:36.389  1347  3355 I game_scn: collectForegroundAppList packName=com.kelas.balancebook, actName=com.kelas.balancebook, pid=18427, uid=10358, state:DEAD
03-13 00:17:36.389   803   861 I libPowerHal: [perfNotifyAppState] pack:com.kelas.balancebook, act:com.kelas.balancebook, state:3, pid:18427, uid:10358, fps:120
03-13 00:17:36.389   803   861 I libPowerHal: [perfNotifyAppState] pack:com.kelas.balancebook, pid:18427, STATE_DEAD
03-13 00:17:36.390  4276  4822 I SimpleEventAdapt: onAppStartEvent get com.kelas.balancebook,start false
03-13 00:17:36.400  1347  1382 I mtkpower_client: perf_cus_lock_hint hint:48, dur:500
03-13 00:17:36.400  1347  1382 I mtkpower_client: perf_cus_lock_hint, ret_hdl:23171
03-13 00:17:36.400  1347  1382 I mtkpower_client: perf_cus_lock_hint hint:48, dur:500
03-13 00:17:36.401  1347  1382 I mtkpower_client: perf_cus_lock_hint, ret_hdl:23172
03-13 00:17:36.401  1347  3355 I PowerHalWrapper: <amsBoostResume> last:com.kelas.balancebook, next:com.aniverseid.animelovers 
03-13 00:17:36.406 17301 17301 I TranTrancareNative: TranThubTrancareNative
03-13 00:17:36.408  1347  3355 E WindowManager: isFocusOnThunderbackWindow false mFocusMultiWindowId: -1 newFocus: 0 thunderback: false
03-13 00:17:36.421  1347  3355 W WindowManager: Changing focus from null to Window{b5fcc89 u0 com.aniverseid.animelovers/com.aniverseid.animelovers.MainActivity} displayId=0 Callers=com.android.server.wm.RootWindowContainer.updateFocusedWindowLocked:524 com.android.server.wm.WindowManagerService.updateFocusedWindowLocked:6379 com.android.server.wm.ActivityTaskManagerService.setResumedActivityUncheckLocked:5096 com.android.server.wm.TaskFragment.onActivityStateChanged:845 
03-13 00:17:36.423  1347  3355 I TranSourceConnectManagerImpl: hookDisplayResumedActivityChanged displayId: 0 packageName: com.aniverseid.animelovers
03-13 00:17:36.424  3696  5459 I SmartPanel_SmartPanelService: onTaskFocusChanged taskId: 182  focused: false
03-13 00:17:36.424  3696  5159 I SmartPanel_SmartPanelService: onTaskFocusChanged taskId: 130  focused: true
03-13 00:17:36.425  1347  2056 I TranOptimizeRAImpl: Applaunch from com.kelas.balancebook to com.aniverseid.animelovers
03-13 00:17:36.425  1347  2685 I TranTp/TranTpSwitchManagerImpl: Set [com.aniverseid.animelovers] is tp rate as default.
03-13 00:17:36.425  1347  2685 W System.err: java.io.FileNotFoundException: /proc/report_rate_switch: open failed: ENOENT (No such file or directory)
03-13 00:17:36.425  1347  2685 W System.err: 	at libcore.io.IoBridge.open(IoBridge.java:574)
03-13 00:17:36.425  1347  2685 W System.err: 	at java.io.FileOutputStream.<init>(FileOutputStream.java:259)
03-13 00:17:36.425  1347  2685 W System.err: 	at java.io.FileOutputStream.<init>(FileOutputStream.java:147)
03-13 00:17:36.425  1347  2685 W System.err: 	at com.transsion.server.tpswitch.TranTpSwitchManagerImpl.sendCommand(TranTpSwitchManagerImpl.java:311)
03-13 00:17:36.425  1347  2685 W System.err: 	at com.transsion.server.tpswitch.TranTpSwitchManagerImpl.setDefaultTpRate(TranTpSwitchManagerImpl.java:267)
03-13 00:17:36.425  1347  2685 W System.err: 	at com.transsion.server.tpswitch.TranTpSwitchManagerImpl.setTpRate(TranTpSwitchManagerImpl.java:293)
03-13 00:17:36.425  1347  2685 W System.err: 	at com.transsion.server.tpswitch.TranTpSwitchManagerImpl.-$$Nest$msetTpRate(Unknown Source:0)
03-13 00:17:36.425  1347  2685 W System.err: 	at com.transsion.server.tpswitch.TranTpSwitchManagerImpl$1.onAppLaunch(TranTpSwitchManagerImpl.java:93)
03-13 00:17:36.426  1347  2685 W System.err: 	at com.transsion.griffin.core.HookerImpl$b.run(SourceFile:1)
03-13 00:17:36.426  1347  2685 W System.err: 	at android.os.Handler.handleCallback(Handler.java:942)
03-13 00:17:36.426  1347  2685 W System.err: 	at android.os.Handler.dispatchMessage(Handler.java:99)
03-13 00:17:36.426  1347  2685 W System.err: 	at android.os.Looper.loopOnce(Looper.java:204)
03-13 00:17:36.426  1347  2685 W System.err: 	at android.os.Looper.loop(Looper.java:291)
03-13 00:17:36.426  1347  2685 W System.err: 	at android.os.HandlerThread.run(HandlerThread.java:67)
03-13 00:17:36.426  1347  2685 W System.err: Caused by: android.system.ErrnoException: open failed: ENOENT (No such file or directory)
03-13 00:17:36.426  1347  2685 W System.err: 	at libcore.io.Linux.open(Native Method)
03-13 00:17:36.426  1347  2685 W System.err: 	at libcore.io.ForwardingOs.open(ForwardingOs.java:574)
03-13 00:17:36.426  1347  2685 W System.err: 	at libcore.io.BlockGuardOs.open(BlockGuardOs.java:274)
03-13 00:17:36.426  1347  2685 W System.err: 	at libcore.io.IoBridge.open(IoBridge.java:560)
03-13 00:17:36.426  1347  2685 W System.err: 	... 13 more
03-13 00:17:36.426  1347  2057 I ActivityManager: Applaunch from com.kelas.balancebook to com.aniverseid.animelovers
03-13 00:17:36.426  4276  4822 I SimpleEventAdapt: onActivityEvent get com.aniverseid.animelovers, com.aniverseid.animelovers.MainActivity,true
03-13 00:17:36.426  4276  4822 I SimpleEventAdapt: notifyEvent2  activity_event
03-13 00:17:36.426  4276  4822 I SimpleEventAdapt: notifyEvent  1
03-13 00:17:36.426  4276  4822 I SimpleEventAdapt: onAppForegroundEvent get com.kelas.balancebook, false
03-13 00:17:36.426  4276  4822 I SimpleEventAdapt: notifyEvent2  app_foreground
03-13 00:17:36.426  4276  4822 I SimpleEventAdapt: notifyEvent  1
03-13 00:17:36.426  4276  4822 I SimpleEventAdapt: onAppForegroundEvent get com.aniverseid.animelovers, true
03-13 00:17:36.426  4276  4822 I SimpleEventAdapt: notifyEvent2  app_foreground
03-13 00:17:36.426  4276  4822 I SimpleEventAdapt: notifyEvent  1
03-13 00:17:36.426  3696 18330 I TranNonAdaptiveIconExtImpl: custom icon for ApplicationInfo{ee072f6 com.sangkode.hitunghpp}
03-13 00:17:36.426  3696  5159 I SmartPanel_SmartPanelService: activityCheck pkgName: com.aniverseid.animelovers, className: com.aniverseid.animelovers.MainActivity isResume=true isInshow =true isDrawn = true
03-13 00:17:36.427  4276 16683 I CacheManager:  save new data to cache activity_event
03-13 00:17:36.427  4276 16683 I bsc     : notifyDataChange in activity_event, 1
03-13 00:17:36.427  4276 16683 I DataServiceImplV2: StandardDataService notifyDataChange  in 
03-13 00:17:36.427  4276 15721 I DataServiceImplV2: StandardDataService notifyDataChange  curServiceName StandardDataService type:activity_event
03-13 00:17:36.428  4276 15721 I ApiInvoke: ApiChannel1.2.172: found local channel DataCenter
03-13 00:17:36.428  4276 15721 I ApiInvoke: ApiChannel1.2.172: found remote channel DataCenter
03-13 00:17:36.428  4276 15721 I ApiInvoke: ApiRequest1.2.172: channels size , 2
03-13 00:17:36.428  4276 16683 I CacheManager:  save new data to cache app_foreground
03-13 00:17:36.428  4276 16683 I bsc     : notifyDataChange in app_foreground, 1
03-13 00:17:36.428  4276 16683 I DataServiceImplV2: StandardDataService notifyDataChange  in 
03-13 00:17:36.428  3696 18330 I TranIconHelper: Destory assetMAnager
03-13 00:17:36.428  4276 16683 I CacheManager:  save new data to cache app_foreground
03-13 00:17:36.428  4276 16683 I bsc     : notifyDataChange in app_foreground, 1
03-13 00:17:36.428  4276 16683 I DataServiceImplV2: StandardDataService notifyDataChange  in 
03-13 00:17:36.429  4276 15721 I ApiInvoke: SubscribeManager1.2.172: copy subscriber size = 12
03-13 00:17:36.429  4276 15721 I Kolun_AI: SystemEventSubscribe: onPublishData {"type":"activity_event","time":1773335856426,"data":"{\"className\":\"com.aniverseid.animelovers.MainActivity\",\"isResumed\":true,\"packageName\":\"com.aniverseid.animelovers\"}","provider":"dc","dc_version":2030200000,"data_version":1,"user_id":0}
03-13 00:17:36.429  4276 15721 I Kolun_AI: SystemEventSubscribe: publisher.getMatcher() activity_event
03-13 00:17:36.429  4276 15721 I ApiInvoke: SubscribeManager1.2.172: publishData success host DataCenter#StandardDataService matcher activity_event
03-13 00:17:36.429  4276 15721 I ApiInvoke: ApiRequest1.2.172: do publishData to local, matcher = activity_event
03-13 00:17:36.431  3696 18330 I TranIconHelper: Destory assetMAnager
03-13 00:17:36.431 29414 29414 W adbd    : search for pid 18427 failed !!
03-13 00:17:36.432  4276 15721 W ApiInvoke: SubscribeBusServerImpl1.2.172: onPublishData, GLOBAL_SUBSCRIBE size 5
03-13 00:17:36.433  4276 15721 W ApiInvoke: ApiRequest1.2.172: do publishData to remote activity_event
03-13 00:17:36.434  4276 15721 I DataServiceImplV2: StandardDataService notifyDataChange  curServiceName StandardDataService type:app_foreground
03-13 00:17:36.434  4276 15721 I ApiInvoke: ApiChannel1.2.172: found local channel DataCenter
03-13 00:17:36.434  4276 15721 I ApiInvoke: ApiChannel1.2.172: found remote channel DataCenter
03-13 00:17:36.434  4276 15721 I ApiInvoke: ApiRequest1.2.172: channels size , 2
03-13 00:17:36.434  4276 15721 I ApiInvoke: SubscribeManager1.2.172: copy subscriber size = 12
03-13 00:17:36.435  4276 15721 I Kolun_AI: SystemEventSubscribe: onPublishData {"type":"app_foreground","time":1773335856428,"data":"{\"isForeground\":false,\"packageName\":\"com.kelas.balancebook\"}","provider":"dc","dc_version":2030200000,"data_version":1,"user_id":0}
03-13 00:17:36.435  4276 15721 I Kolun_AI: SystemEventSubscribe: publisher.getMatcher() app_foreground
03-13 00:17:36.435  4276  4276 I Kolun_AI: kj1:onBusEvent AppForegroundEvent   com.kelas.balancebook, false, kj1
03-13 00:17:36.435  4276  4276 I Kolun_AI: kj1:checkGameOut  com.kelas.balancebook, 
03-13 00:17:36.435  4276  4276 I Kolun_AI: AppPredictManager:onBusEvent com.kelas.balancebook false
03-13 00:17:36.435 13512 22260 I ApiInvoke: SubscribeManager1.2.172: copy subscriber size = 11
03-13 00:17:36.435 13512 22260 I ApiInvoke: SubscribeManager1.2.172: publishData success host DataCenter#StandardDataService matcher activity_event
03-13 00:17:36.435  4276  4529 I ApiInvoke: SubscribeBusServerImpl1.2.172: onPublishData to {"pid": 13512,"channels": [AssistantChannel]} success 
03-13 00:17:36.435  4276  4826 I Kolun_AI: AppPredictManager:onPackageChanged AppForegroundEvent com.kelas.balancebook false currentTime 2026-03-13 00:17:36
03-13 00:17:36.436  4276  4826 I Kolun_AI: ModelPredictTrigger:on app background duration 407 too short 3000
03-13 00:17:36.439  4276  4529 I ApiInvoke: SubscribeBusServerImpl1.2.172: onPublishData to {"pid": 1347,"channels": [system]} success 
03-13 00:17:36.439  1347  3355 I TranSourceConnectManagerImpl: hookDisplayResumedActivityChanged displayId: 0 packageName: com.aniverseid.animelovers
03-13 00:17:36.439  4276 15721 I ApiInvoke: SubscribeManager1.2.172: publishData success host DataCenter#StandardDataService matcher app_foreground
03-13 00:17:36.439  4276 15721 I ApiInvoke: ApiRequest1.2.172: do publishData to local, matcher = app_foreground
03-13 00:17:36.439  2059  2397 I ApiInvoke: SubscribeManager1.2.65: copy subscriber size = 0
03-13 00:17:36.440  2059  2397 I ApiInvoke: SubscribeManager1.2.65: publishData success host DataCenter#StandardDataService matcher activity_event
03-13 00:17:36.440  4276 15721 W ApiInvoke: SubscribeBusServerImpl1.2.172: onPublishData, GLOBAL_SUBSCRIBE size 5
03-13 00:17:36.440  4276 15721 W ApiInvoke: ApiRequest1.2.172: do publishData to remote app_foreground
03-13 00:17:36.440  4276  4529 I ApiInvoke: SubscribeBusServerImpl1.2.172: onPublishData to {"pid": 2059,"channels": [com.android.phone]} success 
03-13 00:17:36.440  4276  4529 I ApiInvoke: SubscribeManager1.2.172: copy subscriber size = 12
03-13 00:17:36.440  4276  4529 I Kolun_AI: SystemEventSubscribe: onPublishData {"type":"activity_event","time":1773335856426,"data":"{\"className\":\"com.aniverseid.animelovers.MainActivity\",\"isResumed\":true,\"packageName\":\"com.aniverseid.animelovers\"}","provider":"dc","dc_version":2030200000,"data_version":1,"user_id":0}
03-13 00:17:36.440  4276  4529 I Kolun_AI: SystemEventSubscribe: publisher.getMatcher() activity_event
03-13 00:17:36.440  4276  4529 I ApiInvoke: SubscribeManager1.2.172: publishData success host DataCenter#StandardDataService matcher activity_event
03-13 00:17:36.440  4276  4529 I ApiInvoke: SubscribeBusServerImpl1.2.172: onPublishData to {"pid": 0,"channels": [CommonChannel]} success 
03-13 00:17:36.441 13512 22260 I ApiInvoke: SubscribeManager1.2.172: copy subscriber size = 11
03-13 00:17:36.441 13512 22260 I ApiInvoke: SubscribeManager1.2.172: publishData success host DataCenter#StandardDataService matcher app_foreground
03-13 00:17:36.442  4276  4529 I ApiInvoke: SubscribeBusServerImpl1.2.172: onPublishData to {"pid": 13512,"channels": [AssistantChannel]} success 
03-13 00:17:36.443  4276  4529 I ApiInvoke: SubscribeBusServerImpl1.2.172: onPublishData to {"pid": 1347,"channels": [system]} success 
03-13 00:17:36.444  2059  2397 I ApiInvoke: SubscribeManager1.2.65: copy subscriber size = 0
03-13 00:17:36.444  2059  2397 I ApiInvoke: SubscribeManager1.2.65: publishData success host DataCenter#StandardDataService matcher app_foreground
03-13 00:17:36.444  4276  4529 I ApiInvoke: SubscribeBusServerImpl1.2.172: onPublishData to {"pid": 2059,"channels": [com.android.phone]} success 
03-13 00:17:36.444  4276  4529 I ApiInvoke: SubscribeManager1.2.172: copy subscriber size = 12
03-13 00:17:36.445  4276  4529 I Kolun_AI: SystemEventSubscribe: onPublishData {"type":"app_foreground","time":1773335856428,"data":"{\"isForeground\":false,\"packageName\":\"com.kelas.balancebook\"}","provider":"dc","dc_version":2030200000,"data_version":1,"user_id":0}
03-13 00:17:36.445  4276  4529 I Kolun_AI: SystemEventSubscribe: publisher.getMatcher() app_foreground
03-13 00:17:36.445  4276  4529 I ApiInvoke: SubscribeManager1.2.172: publishData success host DataCenter#StandardDataService matcher app_foreground
03-13 00:17:36.445  4276  4529 I ApiInvoke: SubscribeBusServerImpl1.2.172: onPublishData to {"pid": 0,"channels": [CommonChannel]} success 
03-13 00:17:36.446  1347  3355 I DreamAnimation:  hookAppTransitSuccess called, and doUnlockAnimation=0  mState=7
03-13 00:17:36.446  4276 15721 I DataServiceImplV2: StandardDataService notifyDataChange  curServiceName StandardDataService type:app_foreground
03-13 00:17:36.447  4276 15721 I ApiInvoke: ApiChannel1.2.172: found local channel DataCenter
03-13 00:17:36.447  4276 15721 I ApiInvoke: ApiChannel1.2.172: found remote channel DataCenter
03-13 00:17:36.447  4276 15721 I ApiInvoke: ApiRequest1.2.172: channels size , 2
03-13 00:17:36.447  4276 15721 I ApiInvoke: SubscribeManager1.2.172: copy subscriber size = 12
03-13 00:17:36.447  4276 15721 I Kolun_AI: SystemEventSubscribe: onPublishData {"type":"app_foreground","time":1773335856428,"data":"{\"isForeground\":true,\"packageName\":\"com.aniverseid.animelovers\"}","provider":"dc","dc_version":2030200000,"data_version":1,"user_id":0}
03-13 00:17:36.447  4276 15721 I Kolun_AI: SystemEventSubscribe: publisher.getMatcher() app_foreground
03-13 00:17:36.447  4276 15721 I ApiInvoke: SubscribeManager1.2.172: publishData success host DataCenter#StandardDataService matcher app_foreground
03-13 00:17:36.447  4276 15721 I ApiInvoke: ApiRequest1.2.172: do publishData to local, matcher = app_foreground
03-13 00:17:36.447  4276 15721 W ApiInvoke: SubscribeBusServerImpl1.2.172: onPublishData, GLOBAL_SUBSCRIBE size 5
03-13 00:17:36.447  4276 15721 W ApiInvoke: ApiRequest1.2.172: do publishData to remote app_foreground
03-13 00:17:36.449 13512 22260 I ApiInvoke: SubscribeManager1.2.172: copy subscriber size = 11
03-13 00:17:36.449 13512 22260 I ApiInvoke: SubscribeManager1.2.172: publishData success host DataCenter#StandardDataService matcher app_foreground
03-13 00:17:36.449  4276  4529 I ApiInvoke: SubscribeBusServerImpl1.2.172: onPublishData to {"pid": 13512,"channels": [AssistantChannel]} success 
03-13 00:17:36.450   803   861 I mtkpower@impl: [powerd_req] TIMER_MSG_PERF_LOCK_TIMEOUT hdl:23170
03-13 00:17:36.451  4276  4529 I ApiInvoke: SubscribeBusServerImpl1.2.172: onPublishData to {"pid": 1347,"channels": [system]} success 
03-13 00:17:36.453  2059  2397 I ApiInvoke: SubscribeManager1.2.65: copy subscriber size = 0
03-13 00:17:36.453  2059  2397 I ApiInvoke: SubscribeManager1.2.65: publishData success host DataCenter#StandardDataService matcher app_foreground
03-13 00:17:36.453  4276  4529 I ApiInvoke: SubscribeBusServerImpl1.2.172: onPublishData to {"pid": 2059,"channels": [com.android.phone]} success 
03-13 00:17:36.454  4276  4529 I ApiInvoke: SubscribeManager1.2.172: copy subscriber size = 12
03-13 00:17:36.454  4276  4529 I Kolun_AI: SystemEventSubscribe: onPublishData {"type":"app_foreground","time":1773335856428,"data":"{\"isForeground\":true,\"packageName\":\"com.aniverseid.animelovers\"}","provider":"dc","dc_version":2030200000,"data_version":1,"user_id":0}
03-13 00:17:36.454  4276  4529 I Kolun_AI: SystemEventSubscribe: publisher.getMatcher() app_foreground
03-13 00:17:36.454  4276  4529 I ApiInvoke: SubscribeManager1.2.172: publishData success host DataCenter#StandardDataService matcher app_foreground
03-13 00:17:36.454  4276  4529 I ApiInvoke: SubscribeBusServerImpl1.2.172: onPublishData to {"pid": 0,"channels": [CommonChannel]} success 
03-13 00:17:36.460  3696  3696 W SmartPanel_OperateState: show
03-13 00:17:36.461  3696  3696 I SmartPanel_TouchView: showSliderView mIsGestureNavigationBarOn true return 
03-13 00:17:36.465   776  4967 W AudioALSACaptureDataProviderNormal: readThread, latency_in_s,0.000001,0.019774,0.002628, totalTime 0.022402 > logTimeout 0.022000 TIMEOUT!!
03-13 00:17:36.467  1347  1381 W InputManager-JNI: Input channel object 'cb0bf74 Splash Screen com.kelas.balancebook (client)' was disposed without first being removed with the input manager!
03-13 00:17:36.467  1347  1381 I WindowManager: DisplayContent w: Window{b5fcc89 u0 com.aniverseid.animelovers/com.aniverseid.animelovers.MainActivity} Apply preferredModeId = 1
03-13 00:17:36.469  1347  1381 I WindowManager: DisplayContent w: Window{b5fcc89 u0 com.aniverseid.animelovers/com.aniverseid.animelovers.MainActivity} Apply preferredModeId = 1
03-13 00:17:36.470  1347  2191 W libc    : Access denied finding property "ro.vendor.tgpa_resolution_tuner"
03-13 00:17:36.470  1347  2191 I WindowManager: DisplayContent w: Window{b5fcc89 u0 com.aniverseid.animelovers/com.aniverseid.animelovers.MainActivity} Apply preferredModeId = 1
03-13 00:17:36.470  3696 18330 I TranNonAdaptiveIconExtImpl: custom icon for ApplicationInfo{680798a com.smartwidgetlabs.nfctools}
03-13 00:17:36.475  3696 18330 I TranIconHelper: Destory assetMAnager
03-13 00:17:36.478  3696 18330 I TranIconHelper: Destory assetMAnager
03-13 00:17:36.478   838  1000 I SurfaceFlinger: NotifyHwcComposition(), id 0, mode 1
03-13 00:17:36.478   803   826 I mtkpower@impl: [setMode] type:6, enabled:0
03-13 00:17:36.478   803   826 E mtkpower@impl: [setMode] unknown type
03-13 00:17:36.479   784   784 I hwcomposer: [DBQ] (q2:0xb4000076219ffbe0) Buffer queue is created with size(3), m_id(3375), q2  
03-13 00:17:36.479   784   784 I hwcomposer: [DBQ] (q2:0xb4000076219ffbe0) Reallocate Slot(0), pool(0 -> 0) size(0 -> 10627200) secure(0 -> 0)  
03-13 00:17:36.483  1347  2338 I FloatWindow: hookInputMethodShown inputShown: false
03-13 00:17:36.483  1347  2338 I TranSourceConnectManagerImpl: hookInputMethodShown inputShown: false
03-13 00:17:36.484  1347  2338 I input_debug: package: com.aniverseid.animelovers isPassWordInput: false inputType: 0 mMethodMap: true isKeyguardShowing: false enable: 0 isSplitScreen: false
03-13 00:17:36.484  2119  2146 I MultiWindowManager: manager notifyInputMethodShow: false
03-13 00:17:36.484  2119  2146 I tmw_    : notifyInputMethodShow: false ignoreSame: true mFocusOnMultiDisplay: false
03-13 00:17:36.484   784   784 I hwcomposer: [DBQ] (q2:0xb4000076219ffbe0) Alloc Slot(0), handle=0xb4000075e1a02610 c=0 w=1080 h=2460 p=1088 ys=1088 vs=2460 f=2 sec=0 sh=0, usage=0x800  
03-13 00:17:36.487   803   826 I mtkpower@impl: [setMode] type:5, enabled:0
03-13 00:17:36.488  1347  2191 I PowerHalWrapper: amsBoostStop AMS_BOOST_PACK_SWITCH:true, AMS_BOOST_ACT_SWITCH:false, AMS_BOOST_PROCESS_CREATE:true 
03-13 00:17:36.489   803   825 I mtkpower@impl: [mtkPowerHint] hint:22, hold:500, ext:30, ext_hold:1500
03-13 00:17:36.489   784   784 I hwcomposer: [DBQ] (q2:0xb4000076219ffbe0) Reallocate Slot(1), pool(0 -> 0) size(0 -> 10627200) secure(0 -> 0)  
03-13 00:17:36.490  3167  3167 I GoogleInputMethodService: GoogleInputMethodService.onFinishInput():2114 
03-13 00:17:36.494   767 18455 I resolv  : GetAddrInfoHandler::run: {123 123 123 983163 10369 0}
03-13 00:17:36.494   803   825 I mtkpower@impl: [mtkPowerHint] hint:21, hold:6000, ext:30, ext_hold:30000
03-13 00:17:36.499  1347  2338 I FloatWindow: hookGetMultiWindowDefaultRectByTask
03-13 00:17:36.500   784   784 I hwcomposer: [DBQ] (q2:0xb4000076219ffbe0) Alloc Slot(1), handle=0xb4000075e19f95b0 c=0 w=1080 h=2460 p=1088 ys=1088 vs=2460 f=2 sec=0 sh=0, usage=0x800  
03-13 00:17:36.502  1347  1381 I WindowManager: DisplayContent w: Window{b5fcc89 u0 com.aniverseid.animelovers/com.aniverseid.animelovers.MainActivity} Apply preferredModeId = 1
03-13 00:17:36.505   784   784 I hwcomposer: [DBQ] (q2:0xb4000076219ffbe0) Reallocate Slot(2), pool(0 -> 0) size(0 -> 10627200) secure(0 -> 0)  
03-13 00:17:36.506  3167  3167 I Module  : DeviceLockedStatusModuleProvider$Module.updateDeviceLockedStatus():103 repeatCheckTimes = 0, locked = false
03-13 00:17:36.506   767 18458 I resolv  : GetAddrInfoHandler::run: {123 123 123 983163 10369 0}
03-13 00:17:36.507  3167  3167 I GoogleInputMethodService: GoogleInputMethodService.onStartInput():1385 onStartInput(EditorInfo{EditorInfo{packageName=com.aniverseid.animelovers, inputType=0, inputTypeString=NULL, enableLearning=false, autoCorrection=false, autoComplete=false, imeOptions=0, privateImeOptions=null, actionName=UNSPECIFIED, actionLabel=null, initialSelStart=-1, initialSelEnd=-1, initialCapsMode=0, label=null, fieldId=-1, fieldName=null, extras=null, hintText=null, hintLocales=[]}}, false)
03-13 00:17:36.507  3167  3167 W AndroidIME: LatinIMEBase.updateInputViewCoverNavigation():319 Null input view, cannot update padding!
03-13 00:17:36.510   767 18456 I resolv  : res_nmkquery: (QUERY, IN, A)
03-13 00:17:36.511   767 18456 I resolv  : resolv_cache_lookup: FOUND IN CACHE entry=0xb400007255a68090
03-13 00:17:36.511   767 18456 I resolv  : doQuery: rcode=0, ancount=3, return value=120
03-13 00:17:36.505   776  4967 W AudioALSACaptureDataProviderNormal: readThread, latency_in_s,0.000002,0.022501,0.000022, totalTime 0.022525 > logTimeout 0.022000 TIMEOUT!!
03-13 00:17:36.511   784   784 I hwcomposer: [DBQ] (q2:0xb4000076219ffbe0) Alloc Slot(2), handle=0xb4000075e1a01850 c=0 w=1080 h=2460 p=1088 ys=1088 vs=2460 f=2 sec=0 sh=0, usage=0x800  
03-13 00:17:36.515   767 18459 I resolv  : res_nmkquery: (QUERY, IN, AAAA)
03-13 00:17:36.515   767 18459 I resolv  : resolv_cache_lookup: FOUND IN CACHE entry=0xb400007265a5bdd0
03-13 00:17:36.515   767 18459 I resolv  : doQuery: rcode=0, ancount=3, return value=164
03-13 00:17:36.518  3167  3167 I Module  : DeviceLockedStatusModuleProvider$Module.updateDeviceLockedStatus():103 repeatCheckTimes = 1, locked = false
03-13 00:17:36.528  1347  1381 I WindowManager: DisplayContent w: Window{b5fcc89 u0 com.aniverseid.animelovers/com.aniverseid.animelovers.MainActivity} Apply preferredModeId = 1
03-13 00:17:36.540  2119  2576 I tmw_    : calculateMultiWindowScaleAndLocation111: {100=0.5, 101=180.0, 102=270.0}
03-13 00:17:36.542  2119  2576 I tmw_    : calculateMultiWindowScaleAndLocation222: {100=0.5, 101=180.0, 102=270.0}
03-13 00:17:36.570   803   841 I libPerfCtl: xgfGetFPS pid:1897 fps:102
03-13 00:17:36.571   803   841 I libPerfCtl: xgfGetFPS pid:12456 fps:107
03-13 00:17:36.572  3696  3696 I SmartPanel_OperateState: clear, goto SlideState
03-13 00:17:36.579  3696  3696 I SmartPanel_TouchView: showSliderView mIsGestureNavigationBarOn true return 
03-13 00:17:36.583  1347  4336 I FloatWindow: hookGetMultiWindowDefaultRectByTask
03-13 00:17:36.586  2119  2576 I tmw_    : calculateMultiWindowScaleAndLocation111: {100=0.5, 101=180.0, 102=270.0}
03-13 00:17:36.587  2119  2576 I tmw_    : calculateMultiWindowScaleAndLocation222: {100=0.5, 101=180.0, 102=270.0}
03-13 00:17:36.590  3696  3747 I sion.smartpanel: NativeAlloc concurrent copying GC freed 6556KB AllocSpace bytes, 23(4732KB) LOS objects, 78% free, 6870KB/30MB, paused 50us,48us total 104.269ms
03-13 00:17:36.591  3696  3696 I SmartPanel_SmartPanelService: onTaskFocusChanged isSplitScreen: false
03-13 00:17:36.606  1347  2338 I FloatWindow: hookGetMultiWindowDefaultRectByTask
03-13 00:17:36.610  2119  2576 I tmw_    : calculateMultiWindowScaleAndLocation111: {100=0.5, 101=180.0, 102=270.0}
03-13 00:17:36.611  2119  2576 I tmw_    : calculateMultiWindowScaleAndLocation222: {100=0.5, 101=180.0, 102=270.0}
03-13 00:17:36.612  3696  3696 I SmartPanel_SmartPanelService: checkAndHandleAPP curosr: count = 0
03-13 00:17:36.615  3696  3696 I SmartPanel_SmartPanelService: checkVideoApp curosr: count = 0
03-13 00:17:36.630  1347  2191 I FloatWindow: hookGetMultiWindowDefaultRectByTask
03-13 00:17:36.633  2119  2576 I tmw_    : calculateMultiWindowScaleAndLocation111: {100=0.5, 101=180.0, 102=270.0}
03-13 00:17:36.634  2119  2576 I tmw_    : calculateMultiWindowScaleAndLocation222: {100=0.5, 101=180.0, 102=270.0}
03-13 00:17:36.634  1347  1715 I BaseFilesVerify: Base File verify start
03-13 00:17:36.635  1347  1715 W BaseXMLFilesVerify: isGrammarAndSemanticsLegal file = /data/system/users/0/settings_global.xml
03-13 00:17:36.635  1347  1715 W BaseXMLFilesVerify: format is normal
03-13 00:17:36.635  1347  1715 W BaseXMLFilesVerify: verifyRuleGrammarFormat verifyRuleresult :true
03-13 00:17:36.637  1347  1715 W BaseXMLFilesVerify: isGrammarAndSemanticsLegal file = /data/system/users/0/settings_global.xmlsecnew.bak
03-13 00:17:36.638   767 18462 I resolv  : GetAddrInfoHandler::run: {123 786555 123 983163 10115 0}
03-13 00:17:36.639  1347  1715 W BaseXMLFilesVerify: format is normal
03-13 00:17:36.639  1347  1715 W BaseXMLFilesVerify: verifyRuleGrammarFormat verifyRuleresult :true
03-13 00:17:36.639   767 18464 I resolv  : res_nmkquery: (QUERY, IN, A)
03-13 00:17:36.639   767 18464 I resolv  : resolv_cache_lookup: FOUND IN CACHE entry=0xb400007255a6b630
03-13 00:17:36.639   767 18464 I resolv  : doQuery: rcode=0, ancount=1, return value=105
03-13 00:17:36.640   767 18463 I resolv  : res_nmkquery: (QUERY, IN, AAAA)
03-13 00:17:36.641   767 18463 I resolv  : resolv_cache_lookup: FOUND IN CACHE entry=0xb400007255a65f90
03-13 00:17:36.641   767 18463 I resolv  : doQuery: rcode=0, ancount=1, return value=87
03-13 00:17:36.643  1347  3355 I FloatWindow: hookGetMultiWindowDefaultRectByTask
03-13 00:17:36.644  2119  2576 I tmw_    : calculateMultiWindowScaleAndLocation111: {100=0.5, 101=180.0, 102=270.0}
03-13 00:17:36.644  3696 18330 I TranNonAdaptiveIconExtImpl: custom icon for ApplicationInfo{b3d05b6 com.vsrevogroup.revouninstaller}
03-13 00:17:36.644  2119  2576 I tmw_    : calculateMultiWindowScaleAndLocation222: {100=0.5, 101=180.0, 102=270.0}
03-13 00:17:36.647  3696 18330 I TranIconHelper: Destory assetMAnager
03-13 00:17:36.650  3696 18330 I TranIconHelper: Destory assetMAnager
03-13 00:17:36.652  2861 18465 W FA-SVC  : Gms url request failed, app: com.android.vending, CONFIG, m1.ms: Exception in CronetUrlRequest: net::ERR_CONNECTION_REFUSED, ErrorCode=7, InternalErrorCode=-102, Retryable=false
03-13 00:17:36.694  3696 18330 I TranNonAdaptiveIconExtImpl: custom icon for ApplicationInfo{31a0102 com.woertec.tozo}
03-13 00:17:36.696  3696 18330 I TranIconHelper: Destory assetMAnager
03-13 00:17:36.699  3696 18330 I TranIconHelper: Destory assetMAnager
03-13 00:17:36.732   838   838 I BufferQueueProducer: [SurfaceView[com.aniverseid.animelovers/com.aniverseid.animelovers.MainActivity](BLAST)#11425](this:0xb400007d3f88ec08,id:-1,api:0,p:-1,c:838) queueBuffer: fps=107.26 dur=1006.90 max=25.31 min=3.53
03-13 00:17:36.755  1347  3355 W WindowManager: Failed looking up window session=Session{233cfec 1897:u0a10174} callers=com.android.server.wm.WindowManagerService.windowForClientLocked:6224 com.android.server.wm.WindowManagerService.relayoutWindow:2408 com.android.server.wm.Session.relayout:267 
03-13 00:17:36.764  1347  2191 W WindowManager: Failed looking up window session=Session{233cfec 1897:u0a10174} callers=com.android.server.wm.WindowManagerService.windowForClientLocked:6224 com.android.server.wm.WindowManagerService.removeWindow:2199 com.android.server.wm.Session.remove:229 
03-13 00:17:36.765  1347  2338 W WindowManager: Failed looking up window session=Session{233cfec 1897:u0a10174} callers=com.android.server.wm.WindowManagerService.windowForClientLocked:6224 com.android.server.wm.Session.setOnBackInvokedCallbackInfo:949 android.view.IWindowSession$Stub.onTransact:1209 
03-13 00:17:36.765  1347  2338 E WindowManager: setOnBackInvokedCallback(): No window state for package:com.android.systemui
03-13 00:17:36.765  3696 18330 I TranNonAdaptiveIconExtImpl: custom icon for ApplicationInfo{894e13f gov.dukcapil.mobile_id}
03-13 00:17:36.768   838   838 I BufferQueueDebug: [Splash Screen com.kelas.balancebook#11447](this:0xb400007d3f861308,id:-1,api:0,p:-1,c:838) onDestructor()
03-13 00:17:36.768  1347  4336 W BroadcastQueue: Background execution not allowed: receiving Intent { act=android.intent.action.DROPBOX_ENTRY_ADDED flg=0x10 (has extras) } to com.google.android.gms/.stats.service.DropBoxEntryAddedReceiver
03-13 00:17:36.772  3696 18330 I TranIconHelper: Destory assetMAnager
03-13 00:17:36.779  3696 18330 I TranIconHelper: Destory assetMAnager
03-13 00:17:36.790 31571 31600 I TABE.CrashHandler: FGTag[0,3]
03-13 00:17:36.813 31571 31600 E TABE    : Check DelDexOat: Icon Package com.kelas.balancebook CRASH 6
03-13 00:17:36.820 31571 31600 I TABE    : NOT trigger : User version NOT TOP App:com.kelas.balancebook
